usbd_conf.c:66:6:HAL_PCD_MspInit	24	static
usbd_conf.c:85:6:HAL_PCD_MspDeInit	16	static
usbd_conf.c:112:6:HAL_PCD_SetupStageCallback	16	static
usbd_conf.c:127:6:HAL_PCD_DataOutStageCallback	16	static
usbd_conf.c:142:6:HAL_PCD_DataInStageCallback	16	static
usbd_conf.c:156:6:HAL_PCD_SOFCallback	16	static
usbd_conf.c:170:6:HAL_PCD_ResetCallback	24	static
usbd_conf.c:195:6:HAL_PCD_SuspendCallback	16	static
usbd_conf.c:219:6:HAL_PCD_ResumeCallback	16	static
usbd_conf.c:242:6:HAL_PCD_ISOOUTIncompleteCallback	16	static
usbd_conf.c:257:6:HAL_PCD_ISOINIncompleteCallback	16	static
usbd_conf.c:271:6:HAL_PCD_ConnectCallback	16	static
usbd_conf.c:285:6:HAL_PCD_DisconnectCallback	16	static
usbd_conf.c:300:20:USBD_LL_Init	16	static
usbd_conf.c:351:20:USBD_LL_DeInit	40	static
usbd_conf.c:368:20:USBD_LL_Start	40	static
usbd_conf.c:385:20:USBD_LL_Stop	40	static
usbd_conf.c:405:20:USBD_LL_OpenEP	40	static
usbd_conf.c:423:20:USBD_LL_CloseEP	40	static
usbd_conf.c:441:20:USBD_LL_FlushEP	40	static
usbd_conf.c:459:20:USBD_LL_StallEP	40	static
usbd_conf.c:477:20:USBD_LL_ClearStallEP	40	static
usbd_conf.c:495:9:USBD_LL_IsStallEP	24	static
usbd_conf.c:515:20:USBD_LL_SetUSBAddress	40	static
usbd_conf.c:535:20:USBD_LL_Transmit	48	static
usbd_conf.c:555:20:USBD_LL_PrepareReceive	48	static
usbd_conf.c:573:10:USBD_LL_GetRxDataSize	16	static
usbd_conf.c:583:6:USBD_LL_Delay	16	static
usbd_conf.c:593:7:USBD_static_malloc	16	static
usbd_conf.c:604:6:USBD_static_free	16	static
usbd_conf.c:615:13:SystemClockConfig_Resume	8	static
usbd_conf.c:626:20:USBD_Get_USB_Status	24	static
