Archive member included to satisfy reference by file (symbol)

d:/st/stm32cubeide_1.0.2/stm32cubeide/plugins/com.st.stm32cube.ide.mcu.externaltools.gnu-tools-for-stm32.7-2018-q2-update.win32_1.0.0.201904181610/tools/bin/../lib/gcc/arm-none-eabi/7.3.1/../../../../arm-none-eabi/lib/thumb/v6-m\libstdc++_nano.a(pure.o)
                              Src/subsystem-can-driver/subsystem-data-module.o (__cxa_pure_virtual)
d:/st/stm32cubeide_1.0.2/stm32cubeide/plugins/com.st.stm32cube.ide.mcu.externaltools.gnu-tools-for-stm32.7-2018-q2-update.win32_1.0.0.201904181610/tools/bin/../lib/gcc/arm-none-eabi/7.3.1/../../../../arm-none-eabi/lib/thumb/v6-m\libstdc++_nano.a(eh_terminate.o)
                              d:/st/stm32cubeide_1.0.2/stm32cubeide/plugins/com.st.stm32cube.ide.mcu.externaltools.gnu-tools-for-stm32.7-2018-q2-update.win32_1.0.0.201904181610/tools/bin/../lib/gcc/arm-none-eabi/7.3.1/../../../../arm-none-eabi/lib/thumb/v6-m\libstdc++_nano.a(pure.o) (std::terminate())
d:/st/stm32cubeide_1.0.2/stm32cubeide/plugins/com.st.stm32cube.ide.mcu.externaltools.gnu-tools-for-stm32.7-2018-q2-update.win32_1.0.0.201904181610/tools/bin/../lib/gcc/arm-none-eabi/7.3.1/../../../../arm-none-eabi/lib/thumb/v6-m\libstdc++_nano.a(eh_unex_handler.o)
                              d:/st/stm32cubeide_1.0.2/stm32cubeide/plugins/com.st.stm32cube.ide.mcu.externaltools.gnu-tools-for-stm32.7-2018-q2-update.win32_1.0.0.201904181610/tools/bin/../lib/gcc/arm-none-eabi/7.3.1/../../../../arm-none-eabi/lib/thumb/v6-m\libstdc++_nano.a(eh_terminate.o) (__cxxabiv1::__unexpected_handler)
d:/st/stm32cubeide_1.0.2/stm32cubeide/plugins/com.st.stm32cube.ide.mcu.externaltools.gnu-tools-for-stm32.7-2018-q2-update.win32_1.0.0.201904181610/tools/bin/../lib/gcc/arm-none-eabi/7.3.1/../../../../arm-none-eabi/lib/thumb/v6-m\libstdc++_nano.a(eh_term_handler.o)
                              d:/st/stm32cubeide_1.0.2/stm32cubeide/plugins/com.st.stm32cube.ide.mcu.externaltools.gnu-tools-for-stm32.7-2018-q2-update.win32_1.0.0.201904181610/tools/bin/../lib/gcc/arm-none-eabi/7.3.1/../../../../arm-none-eabi/lib/thumb/v6-m\libstdc++_nano.a(eh_terminate.o) (__cxxabiv1::__terminate_handler)
d:/st/stm32cubeide_1.0.2/stm32cubeide/plugins/com.st.stm32cube.ide.mcu.externaltools.gnu-tools-for-stm32.7-2018-q2-update.win32_1.0.0.201904181610/tools/bin/../lib/gcc/arm-none-eabi/7.3.1/../../../../arm-none-eabi/lib/thumb/v6-m\libc_nano.a(lib_a-abort.o)
                              d:/st/stm32cubeide_1.0.2/stm32cubeide/plugins/com.st.stm32cube.ide.mcu.externaltools.gnu-tools-for-stm32.7-2018-q2-update.win32_1.0.0.201904181610/tools/bin/../lib/gcc/arm-none-eabi/7.3.1/../../../../arm-none-eabi/lib/thumb/v6-m\libstdc++_nano.a(eh_terminate.o) (abort)
d:/st/stm32cubeide_1.0.2/stm32cubeide/plugins/com.st.stm32cube.ide.mcu.externaltools.gnu-tools-for-stm32.7-2018-q2-update.win32_1.0.0.201904181610/tools/bin/../lib/gcc/arm-none-eabi/7.3.1/../../../../arm-none-eabi/lib/thumb/v6-m\libc_nano.a(lib_a-errno.o)
                              Src/syscalls.o (__errno)
d:/st/stm32cubeide_1.0.2/stm32cubeide/plugins/com.st.stm32cube.ide.mcu.externaltools.gnu-tools-for-stm32.7-2018-q2-update.win32_1.0.0.201904181610/tools/bin/../lib/gcc/arm-none-eabi/7.3.1/../../../../arm-none-eabi/lib/thumb/v6-m\libc_nano.a(lib_a-exit.o)
                              d:/st/stm32cubeide_1.0.2/stm32cubeide/plugins/com.st.stm32cube.ide.mcu.externaltools.gnu-tools-for-stm32.7-2018-q2-update.win32_1.0.0.201904181610/tools/bin/../lib/gcc/arm-none-eabi/7.3.1/../../../../arm-none-eabi/lib/thumb/v6-m/crt0.o (exit)
d:/st/stm32cubeide_1.0.2/stm32cubeide/plugins/com.st.stm32cube.ide.mcu.externaltools.gnu-tools-for-stm32.7-2018-q2-update.win32_1.0.0.201904181610/tools/bin/../lib/gcc/arm-none-eabi/7.3.1/../../../../arm-none-eabi/lib/thumb/v6-m\libc_nano.a(lib_a-impure.o)
                              d:/st/stm32cubeide_1.0.2/stm32cubeide/plugins/com.st.stm32cube.ide.mcu.externaltools.gnu-tools-for-stm32.7-2018-q2-update.win32_1.0.0.201904181610/tools/bin/../lib/gcc/arm-none-eabi/7.3.1/../../../../arm-none-eabi/lib/thumb/v6-m\libc_nano.a(lib_a-exit.o) (_global_impure_ptr)
d:/st/stm32cubeide_1.0.2/stm32cubeide/plugins/com.st.stm32cube.ide.mcu.externaltools.gnu-tools-for-stm32.7-2018-q2-update.win32_1.0.0.201904181610/tools/bin/../lib/gcc/arm-none-eabi/7.3.1/../../../../arm-none-eabi/lib/thumb/v6-m\libc_nano.a(lib_a-init.o)
                              d:/st/stm32cubeide_1.0.2/stm32cubeide/plugins/com.st.stm32cube.ide.mcu.externaltools.gnu-tools-for-stm32.7-2018-q2-update.win32_1.0.0.201904181610/tools/bin/../lib/gcc/arm-none-eabi/7.3.1/../../../../arm-none-eabi/lib/thumb/v6-m/crt0.o (__libc_init_array)
d:/st/stm32cubeide_1.0.2/stm32cubeide/plugins/com.st.stm32cube.ide.mcu.externaltools.gnu-tools-for-stm32.7-2018-q2-update.win32_1.0.0.201904181610/tools/bin/../lib/gcc/arm-none-eabi/7.3.1/../../../../arm-none-eabi/lib/thumb/v6-m\libc_nano.a(lib_a-memcpy-stub.o)
[...]
Memory Configuration

Name             Origin             Length             Attributes
RAM              0x0000000020000000 0x0000000000004000 xrw
FLASH            0x0000000008000000 0x0000000000020000 xr
*default*        0x0000000000000000 0xffffffffffffffff

Linker script and memory map

LOAD d:/st/stm32cubeide_1.0.2/stm32cubeide/plugins/com.st.stm32cube.ide.mcu.externaltools.gnu-tools-for-stm32.7-2018-q2-update.win32_1.0.0.201904181610/tools/bin/../lib/gcc/arm-none-eabi/7.3.1/thumb/v6-m/crti.o
LOAD d:/st/stm32cubeide_1.0.2/stm32cubeide/plugins/com.st.stm32cube.ide.mcu.externaltools.gnu-tools-for-stm32.7-2018-q2-update.win32_1.0.0.201904181610/tools/bin/../lib/gcc/arm-none-eabi/7.3.1/thumb/v6-m/crtbegin.o
LOAD d:/st/stm32cubeide_1.0.2/stm32cubeide/plugins/com.st.stm32cube.ide.mcu.externaltools.gnu-tools-for-stm32.7-2018-q2-update.win32_1.0.0.201904181610/tools/bin/../lib/gcc/arm-none-eabi/7.3.1/../../../../arm-none-eabi/lib/thumb/v6-m/crt0.o
LOAD Drivers/STM32F0xx_HAL_Driver/Src/stm32f0xx_hal.o
LOAD Drivers/STM32F0xx_HAL_Driver/Src/stm32f0xx_hal_can.o
LOAD Drivers/STM32F0xx_HAL_Driver/Src/stm32f0xx_hal_cortex.o
LOAD Drivers/STM32F0xx_HAL_Driver/Src/stm32f0xx_hal_dma.o
LOAD Drivers/STM32F0xx_HAL_Driver/Src/stm32f0xx_hal_flash.o
LOAD Drivers/STM32F0xx_HAL_Driver/Src/stm32f0xx_hal_flash_ex.o
LOAD Drivers/STM32F0xx_HAL_Driver/Src/stm32f0xx_hal_gpio.o
LOAD Drivers/STM32F0xx_HAL_Driver/Src/stm32f0xx_hal_i2c.o
LOAD Drivers/STM32F0xx_HAL_Driver/Src/stm32f0xx_hal_i2c_ex.o
LOAD Drivers/STM32F0xx_HAL_Driver/Src/stm32f0xx_hal_pwr.o
LOAD Drivers/STM32F0xx_HAL_Driver/Src/stm32f0xx_hal_pwr_ex.o
LOAD Drivers/STM32F0xx_HAL_Driver/Src/stm32f0xx_hal_rcc.o
LOAD Drivers/STM32F0xx_HAL_Driver/Src/stm32f0xx_hal_rcc_ex.o
LOAD Drivers/STM32F0xx_HAL_Driver/Src/stm32f0xx_hal_tim.o
LOAD Drivers/STM32F0xx_HAL_Driver/Src/stm32f0xx_hal_tim_ex.o
LOAD Drivers/STM32F0xx_HAL_Driver/Src/stm32f0xx_hal_uart.o
LOAD Drivers/STM32F0xx_HAL_Driver/Src/stm32f0xx_hal_uart_ex.o
LOAD Src/gps-driver/gps-driver.o
LOAD Src/imu-driver/bno055.o
LOAD Src/main.o
LOAD Src/stm32f0xx_hal_msp.o
LOAD Src/stm32f0xx_it.o
LOAD Src/syscalls.o
LOAD Src/sysmem.o
LOAD Src/system_stm32f0xx.o
LOAD Src/rf-driver/data-link-layer.o
LOAD Src/rf-driver/rf-message-helper.o
LOAD Src/rf-driver/tranport-layer.o
LOAD Src/subsystem-can-driver/aux-data-module.o
LOAD Src/subsystem-can-driver/bms-data-module.o
LOAD Src/subsystem-can-driver/motor-driver-data-module.o
LOAD Src/subsystem-can-driver/mppt-data-module.o
LOAD Src/subsystem-can-driver/subsystem-data-module.o
LOAD Src/subsystem-can-driver/helper-code/rx-module-binary-tree.o
LOAD Startup/startup_stm32f072rbtx.o
START GROUP
LOAD d:/st/stm32cubeide_1.0.2/stm32cubeide/plugins/com.st.stm32cube.ide.mcu.externaltools.gnu-tools-for-stm32.7-2018-q2-update.win32_1.0.0.201904181610/tools/bin/../lib/gcc/arm-none-eabi/7.3.1/../../../../arm-none-eabi/lib/thumb/v6-m\libstdc++_nano.a
LOAD d:/st/stm32cubeide_1.0.2/stm32cubeide/plugins/com.st.stm32cube.ide.mcu.externaltools.gnu-tools-for-stm32.7-2018-q2-update.win32_1.0.0.201904181610/tools/bin/../lib/gcc/arm-none-eabi/7.3.1/../../../../arm-none-eabi/lib/thumb/v6-m\libsupc++_nano.a
END GROUP
LOAD d:/st/stm32cubeide_1.0.2/stm32cubeide/plugins/com.st.stm32cube.ide.mcu.externaltools.gnu-tools-for-stm32.7-2018-q2-update.win32_1.0.0.201904181610/tools/bin/../lib/gcc/arm-none-eabi/7.3.1/../../../../arm-none-eabi/lib/thumb/v6-m\libstdc++_nano.a
LOAD d:/st/stm32cubeide_1.0.2/stm32cubeide/plugins/com.st.stm32cube.ide.mcu.externaltools.gnu-tools-for-stm32.7-2018-q2-update.win32_1.0.0.201904181610/tools/bin/../lib/gcc/arm-none-eabi/7.3.1/../../../../arm-none-eabi/lib/thumb/v6-m\libm.a
LOAD d:/st/stm32cubeide_1.0.2/stm32cubeide/plugins/com.st.stm32cube.ide.mcu.externaltools.gnu-tools-for-stm32.7-2018-q2-update.win32_1.0.0.201904181610/tools/bin/../lib/gcc/arm-none-eabi/7.3.1/../../../../arm-none-eabi/lib/thumb/v6-m\libc_nano.a
START GROUP
LOAD d:/st/stm32cubeide_1.0.2/stm32cubeide/plugins/com.st.stm32cube.ide.mcu.externaltools.gnu-tools-for-stm32.7-2018-q2-update.win32_1.0.0.201904181610/tools/bin/../lib/gcc/arm-none-eabi/7.3.1/thumb/v6-m\libgcc.a
LOAD d:/st/stm32cubeide_1.0.2/stm32cubeide/plugins/com.st.stm32cube.ide.mcu.externaltools.gnu-tools-for-stm32.7-2018-q2-update.win32_1.0.0.201904181610/tools/bin/../lib/gcc/arm-none-eabi/7.3.1/../../../../arm-none-eabi/lib/thumb/v6-m\libc_nano.a
END GROUP
START GROUP
LOAD d:/st/stm32cubeide_1.0.2/stm32cubeide/plugins/com.st.stm32cube.ide.mcu.externaltools.gnu-tools-for-stm32.7-2018-q2-update.win32_1.0.0.201904181610/tools/bin/../lib/gcc/arm-none-eabi/7.3.1/thumb/v6-m\libgcc.a
LOAD d:/st/stm32cubeide_1.0.2/stm32cubeide/plugins/com.st.stm32cube.ide.mcu.externaltools.gnu-tools-for-stm32.7-2018-q2-update.win32_1.0.0.201904181610/tools/bin/../lib/gcc/arm-none-eabi/7.3.1/../../../../arm-none-eabi/lib/thumb/v6-m\libc_nano.a
END GROUP
LOAD d:/st/stm32cubeide_1.0.2/stm32cubeide/plugins/com.st.stm32cube.ide.mcu.externaltools.gnu-tools-for-stm32.7-2018-q2-update.win32_1.0.0.201904181610/tools/bin/../lib/gcc/arm-none-eabi/7.3.1/thumb/v6-m/crtend.o
LOAD d:/st/stm32cubeide_1.0.2/stm32cubeide/plugins/com.st.stm32cube.ide.mcu.externaltools.gnu-tools-for-stm32.7-2018-q2-update.win32_1.0.0.201904181610/tools/bin/../lib/gcc/arm-none-eabi/7.3.1/thumb/v6-m/crtn.o
                0x0000000020004000                _estack = 0x20004000
                0x0000000000000200                _Min_Heap_Size = 0x200
                0x0000000000000400                _Min_Stack_Size = 0x400

.isr_vector     0x0000000008000000       0xc0
                0x0000000008000000                . = ALIGN (0x4)
 *(.isr_vector)
 .isr_vector    0x0000000008000000       0xc0 Startup/startup_stm32f072rbtx.o
                0x0000000008000000                g_pfnVectors
                0x00000000080000c0                . = ALIGN (0x4)

.text           0x00000000080000c0     0x4ef4
                0x00000000080000c0                . = ALIGN (0x4)
 *(.text)
 .text          0x00000000080000c0       0x48 d:/st/stm32cubeide_1.0.2/stm32cubeide/plugins/com.st.stm32cube.ide.mcu.externaltools.gnu-tools-for-stm32.7-2018-q2-update.win32_1.0.0.201904181610/tools/bin/../lib/gcc/arm-none-eabi/7.3.1/thumb/v6-m/crtbegin.o
 .text          0x0000000008000108      0x114 d:/st/stm32cubeide_1.0.2/stm32cubeide/plugins/com.st.stm32cube.ide.mcu.externaltools.gnu-tools-for-stm32.7-2018-q2-update.win32_1.0.0.201904181610/tools/bin/../lib/gcc/arm-none-eabi/7.3.1/thumb/v6-m\libgcc.a(_udivsi3.o)
                0x0000000008000108                __aeabi_uidiv
                0x0000000008000108                __udivsi3
                0x0000000008000214                __aeabi_uidivmod
 .text          0x000000000800021c      0x1d4 d:/st/stm32cubeide_1.0.2/stm32cubeide/plugins/com.st.stm32cube.ide.mcu.externaltools.gnu-tools-for-stm32.7-2018-q2-update.win32_1.0.0.201904181610/tools/bin/../lib/gcc/arm-none-eabi/7.3.1/thumb/v6-m\libgcc.a(_divsi3.o)
                0x000000000800021c                __divsi3
                0x000000000800021c                __aeabi_idiv
                0x00000000080003e8                __aeabi_idivmod
 .text          0x00000000080003f0        0x4 d:/st/stm32cubeide_1.0.2/stm32cubeide/plugins/com.st.stm32cube.ide.mcu.externaltools.gnu-tools-for-stm32.7-2018-q2-update.win32_1.0.0.201904181610/tools/bin/../lib/gcc/arm-none-eabi/7.3.1/thumb/v6-m\libgcc.a(_dvmd_tls.o)
                0x00000000080003f0                __aeabi_idiv0
                0x00000000080003f0                __aeabi_ldiv0
 .text          0x00000000080003f4       0x30 d:/st/stm32cubeide_1.0.2/stm32cubeide/plugins/com.st.stm32cube.ide.mcu.externaltools.gnu-tools-for-stm32.7-2018-q2-update.win32_1.0.0.201904181610/tools/bin/../lib/gcc/arm-none-eabi/7.3.1/thumb/v6-m\libgcc.a(_fixunssfsi.o)
                0x00000000080003f4                __fixunssfsi
                0x00000000080003f4                __aeabi_f2uiz
 .text          0x0000000008000424      0x264 d:/st/stm32cubeide_1.0.2/stm32cubeide/plugins/com.st.stm32cube.ide.mcu.externaltools.gnu-tools-for-stm32.7-2018-q2-update.win32_1.0.0.201904181610/tools/bin/../lib/gcc/arm-none-eabi/7.3.1/thumb/v6-m\libgcc.a(mulsf3.o)
                0x0000000008000424                __aeabi_fmul
 .text          0x0000000008000688      0x388 d:/st/stm32cubeide_1.0.2/stm32cubeide/plugins/com.st.stm32cube.ide.mcu.externaltools.gnu-tools-for-stm32.7-2018-q2-update.win32_1.0.0.201904181610/tools/bin/../lib/gcc/arm-none-eabi/7.3.1/thumb/v6-m\libgcc.a(subsf3.o)
                0x0000000008000688                __aeabi_fsub
 .text          0x0000000008000a10       0x40 d:/st/stm32cubeide_1.0.2/stm32cubeide/plugins/com.st.stm32cube.ide.mcu.externaltools.gnu-tools-for-stm32.7-2018-q2-update.win32_1.0.0.201904181610/tools/bin/../lib/gcc/arm-none-eabi/7.3.1/thumb/v6-m\libgcc.a(fixsfsi.o)
                0x0000000008000a10                __aeabi_f2iz
 .text          0x0000000008000a50       0x80 d:/st/stm32cubeide_1.0.2/stm32cubeide/plugins/com.st.stm32cube.ide.mcu.externaltools.gnu-tools-for-stm32.7-2018-q2-update.win32_1.0.0.201904181610/tools/bin/../lib/gcc/arm-none-eabi/7.3.1/thumb/v6-m\libgcc.a(floatunsisf.o)
                0x0000000008000a50                __aeabi_ui2f
 .text          0x0000000008000ad0       0x74 d:/st/stm32cubeide_1.0.2/stm32cubeide/plugins/com.st.stm32cube.ide.mcu.externaltools.gnu-tools-for-stm32.7-2018-q2-update.win32_1.0.0.201904181610/tools/bin/../lib/gcc/arm-none-eabi/7.3.1/thumb/v6-m\libgcc.a(_arm_cmpsf2.o)
                0x0000000008000ad0                __aeabi_cfrcmple
                0x0000000008000ad8                __aeabi_cfcmpeq
                0x0000000008000ad8                __aeabi_cfcmple
                0x0000000008000ae8                __aeabi_fcmpeq
                0x0000000008000af4                __aeabi_fcmplt
                0x0000000008000b08                __aeabi_fcmple
                0x0000000008000b1c                __aeabi_fcmpgt
                0x0000000008000b30                __aeabi_fcmpge
 .text          0x0000000008000b44       0x3c d:/st/stm32cubeide_1.0.2/stm32cubeide/plugins/com.st.stm32cube.ide.mcu.externaltools.gnu-tools-for-stm32.7-2018-q2-update.win32_1.0.0.201904181610/tools/bin/../lib/gcc/arm-none-eabi/7.3.1/thumb/v6-m\libgcc.a(_clzsi2.o)
                0x0000000008000b44                __clzsi2
 .text          0x0000000008000b80       0x50 d:/st/stm32cubeide_1.0.2/stm32cubeide/plugins/com.st.stm32cube.ide.mcu.externaltools.gnu-tools-for-stm32.7-2018-q2-update.win32_1.0.0.201904181610/tools/bin/../lib/gcc/arm-none-eabi/7.3.1/thumb/v6-m\libgcc.a(eqsf2.o)
                0x0000000008000b80                __eqsf2
                0x0000000008000b80                __nesf2
 .text          0x0000000008000bd0       0x9c d:/st/stm32cubeide_1.0.2/stm32cubeide/plugins/com.st.stm32cube.ide.mcu.externaltools.gnu-tools-for-stm32.7-2018-q2-update.win32_1.0.0.201904181610/tools/bin/../lib/gcc/arm-none-eabi/7.3.1/thumb/v6-m\libgcc.a(gesf2.o)
                0x0000000008000bd0                __gesf2
                0x0000000008000bd0                __gtsf2
 .text          0x0000000008000c6c       0xa0 d:/st/stm32cubeide_1.0.2/stm32cubeide/plugins/com.st.stm32cube.ide.mcu.externaltools.gnu-tools-for-stm32.7-2018-q2-update.win32_1.0.0.201904181610/tools/bin/../lib/gcc/arm-none-eabi/7.3.1/thumb/v6-m\libgcc.a(lesf2.o)
                0x0000000008000c6c                __ltsf2
                0x0000000008000c6c                __lesf2
 *(.text*)
 .text.HAL_Init
                0x0000000008000d0c       0x28 Drivers/STM32F0xx_HAL_Driver/Src/stm32f0xx_hal.o
                0x0000000008000d0c                HAL_Init
 .text.HAL_InitTick
                0x0000000008000d34       0x38 Drivers/STM32F0xx_HAL_Driver/Src/stm32f0xx_hal.o
                0x0000000008000d34                HAL_InitTick
 .text.HAL_IncTick
                0x0000000008000d6c       0x18 Drivers/STM32F0xx_HAL_Driver/Src/stm32f0xx_hal.o
                0x0000000008000d6c                HAL_IncTick
 .text.HAL_GetTick
                0x0000000008000d84       0x14 Drivers/STM32F0xx_HAL_Driver/Src/stm32f0xx_hal.o
                0x0000000008000d84                HAL_GetTick
 .text.HAL_CAN_Init
                0x0000000008000d98      0x1fc Drivers/STM32F0xx_HAL_Driver/Src/stm32f0xx_hal_can.o
                0x0000000008000d98                HAL_CAN_Init
 .text.HAL_CAN_ConfigFilter
                0x0000000008000f94      0x1e4 Drivers/STM32F0xx_HAL_Driver/Src/stm32f0xx_hal_can.o
                0x0000000008000f94                HAL_CAN_ConfigFilter
 .text.HAL_CAN_Start
                0x0000000008001178       0x8c Drivers/STM32F0xx_HAL_Driver/Src/stm32f0xx_hal_can.o
                0x0000000008001178                HAL_CAN_Start
 .text.HAL_CAN_AddTxMessage
                0x0000000008001204      0x1be Drivers/STM32F0xx_HAL_Driver/Src/stm32f0xx_hal_can.o
                0x0000000008001204                HAL_CAN_AddTxMessage
 .text.HAL_CAN_GetTxMailboxesFreeLevel
                0x00000000080013c2       0x70 Drivers/STM32F0xx_HAL_Driver/Src/stm32f0xx_hal_can.o
                0x00000000080013c2                HAL_CAN_GetTxMailboxesFreeLevel
 .text.HAL_CAN_GetRxMessage
                0x0000000008001432      0x23a Drivers/STM32F0xx_HAL_Driver/Src/stm32f0xx_hal_can.o
                0x0000000008001432                HAL_CAN_GetRxMessage
 .text.HAL_CAN_GetRxFifoFillLevel
                0x000000000800166c       0x56 Drivers/STM32F0xx_HAL_Driver/Src/stm32f0xx_hal_can.o
                0x000000000800166c                HAL_CAN_GetRxFifoFillLevel
 .text.HAL_CAN_ActivateNotification
                0x00000000080016c2       0x54 Drivers/STM32F0xx_HAL_Driver/Src/stm32f0xx_hal_can.o
                0x00000000080016c2                HAL_CAN_ActivateNotification
 .text.HAL_CAN_IRQHandler
                0x0000000008001716      0x362 Drivers/STM32F0xx_HAL_Driver/Src/stm32f0xx_hal_can.o
                0x0000000008001716                HAL_CAN_IRQHandler
 .text.HAL_CAN_TxMailbox0CompleteCallback
                0x0000000008001a78       0x10 Drivers/STM32F0xx_HAL_Driver/Src/stm32f0xx_hal_can.o
                0x0000000008001a78                HAL_CAN_TxMailbox0CompleteCallback
 .text.HAL_CAN_TxMailbox1CompleteCallback
                0x0000000008001a88       0x10 Drivers/STM32F0xx_HAL_Driver/Src/stm32f0xx_hal_can.o
                0x0000000008001a88                HAL_CAN_TxMailbox1CompleteCallback
 .text.HAL_CAN_TxMailbox2CompleteCallback
                0x0000000008001a98       0x10 Drivers/STM32F0xx_HAL_Driver/Src/stm32f0xx_hal_can.o
                0x0000000008001a98                HAL_CAN_TxMailbox2CompleteCallback
 .text.HAL_CAN_TxMailbox0AbortCallback
                0x0000000008001aa8       0x10 Drivers/STM32F0xx_HAL_Driver/Src/stm32f0xx_hal_can.o
                0x0000000008001aa8                HAL_CAN_TxMailbox0AbortCallback
 .text.HAL_CAN_TxMailbox1AbortCallback
                0x0000000008001ab8       0x10 Drivers/STM32F0xx_HAL_Driver/Src/stm32f0xx_hal_can.o
                0x0000000008001ab8                HAL_CAN_TxMailbox1AbortCallback
 .text.HAL_CAN_TxMailbox2AbortCallback
                0x0000000008001ac8       0x10 Drivers/STM32F0xx_HAL_Driver/Src/stm32f0xx_hal_can.o
                0x0000000008001ac8                HAL_CAN_TxMailbox2AbortCallback
 .text.HAL_CAN_RxFifo0FullCallback
                0x0000000008001ad8       0x10 Drivers/STM32F0xx_HAL_Driver/Src/stm32f0xx_hal_can.o
                0x0000000008001ad8                HAL_CAN_RxFifo0FullCallback
 .text.HAL_CAN_RxFifo1MsgPendingCallback
                0x0000000008001ae8       0x10 Drivers/STM32F0xx_HAL_Driver/Src/stm32f0xx_hal_can.o
                0x0000000008001ae8                HAL_CAN_RxFifo1MsgPendingCallback
 .text.HAL_CAN_RxFifo1FullCallback
                0x0000000008001af8       0x10 Drivers/STM32F0xx_HAL_Driver/Src/stm32f0xx_hal_can.o
                0x0000000008001af8                HAL_CAN_RxFifo1FullCallback
 .text.HAL_CAN_SleepCallback
                0x0000000008001b08       0x10 Drivers/STM32F0xx_HAL_Driver/Src/stm32f0xx_hal_can.o
                0x0000000008001b08                HAL_CAN_SleepCallback
 .text.HAL_CAN_WakeUpFromRxMsgCallback
                0x0000000008001b18       0x10 Drivers/STM32F0xx_HAL_Driver/Src/stm32f0xx_hal_can.o
                0x0000000008001b18                HAL_CAN_WakeUpFromRxMsgCallback
 .text.HAL_CAN_ErrorCallback
                0x0000000008001b28       0x10 Drivers/STM32F0xx_HAL_Driver/Src/stm32f0xx_hal_can.o
                0x0000000008001b28                HAL_CAN_ErrorCallback
 .text.NVIC_EnableIRQ
                0x0000000008001b38       0x2c Drivers/STM32F0xx_HAL_Driver/Src/stm32f0xx_hal_cortex.o
 .text.NVIC_SetPriority
                0x0000000008001b64       0xdc Drivers/STM32F0xx_HAL_Driver/Src/stm32f0xx_hal_cortex.o
 .text.SysTick_Config
                0x0000000008001c40       0x48 Drivers/STM32F0xx_HAL_Driver/Src/stm32f0xx_hal_cortex.o
 .text.HAL_NVIC_SetPriority
                0x0000000008001c88       0x2a Drivers/STM32F0xx_HAL_Driver/Src/stm32f0xx_hal_cortex.o
                0x0000000008001c88                HAL_NVIC_SetPriority
 .text.HAL_NVIC_EnableIRQ
                0x0000000008001cb2       0x20 Drivers/STM32F0xx_HAL_Driver/Src/stm32f0xx_hal_cortex.o
                0x0000000008001cb2                HAL_NVIC_EnableIRQ
 .text.HAL_SYSTICK_Config
                0x0000000008001cd2       0x1a Drivers/STM32F0xx_HAL_Driver/Src/stm32f0xx_hal_cortex.o
                0x0000000008001cd2                HAL_SYSTICK_Config
 .text.HAL_GPIO_Init
                0x0000000008001cec      0x2f8 Drivers/STM32F0xx_HAL_Driver/Src/stm32f0xx_hal_gpio.o
                0x0000000008001cec                HAL_GPIO_Init
 .text.HAL_GPIO_WritePin
                0x0000000008001fe4       0x3a Drivers/STM32F0xx_HAL_Driver/Src/stm32f0xx_hal_gpio.o
                0x0000000008001fe4                HAL_GPIO_WritePin
 *fill*         0x000000000800201e        0x2 
 .text.HAL_RCC_OscConfig
                0x0000000008002020      0x6c0 Drivers/STM32F0xx_HAL_Driver/Src/stm32f0xx_hal_rcc.o
                0x0000000008002020                HAL_RCC_OscConfig
 .text.HAL_RCC_ClockConfig
                0x00000000080026e0      0x214 Drivers/STM32F0xx_HAL_Driver/Src/stm32f0xx_hal_rcc.o
                0x00000000080026e0                HAL_RCC_ClockConfig
 .text.HAL_RCC_GetSysClockFreq
                0x00000000080028f4       0xfc Drivers/STM32F0xx_HAL_Driver/Src/stm32f0xx_hal_rcc.o
                0x00000000080028f4                HAL_RCC_GetSysClockFreq
 .text.HAL_RCC_GetHCLKFreq
                0x00000000080029f0       0x14 Drivers/STM32F0xx_HAL_Driver/Src/stm32f0xx_hal_rcc.o
                0x00000000080029f0                HAL_RCC_GetHCLKFreq
 .text.HAL_RCC_GetPCLK1Freq
                0x0000000008002a04       0x2c Drivers/STM32F0xx_HAL_Driver/Src/stm32f0xx_hal_rcc.o
                0x0000000008002a04                HAL_RCC_GetPCLK1Freq
 .text.HAL_RCCEx_PeriphCLKConfig
                0x0000000008002a30      0x200 Drivers/STM32F0xx_HAL_Driver/Src/stm32f0xx_hal_rcc_ex.o
                0x0000000008002a30                HAL_RCCEx_PeriphCLKConfig
 .text.HAL_UART_Init
                0x0000000008002c30       0xb0 Drivers/STM32F0xx_HAL_Driver/Src/stm32f0xx_hal_uart.o
                0x0000000008002c30                HAL_UART_Init
 .text.UART_SetConfig
                0x0000000008002ce0      0x378 Drivers/STM32F0xx_HAL_Driver/Src/stm32f0xx_hal_uart.o
                0x0000000008002ce0                UART_SetConfig
 .text.UART_AdvFeatureConfig
                0x0000000008003058      0x168 Drivers/STM32F0xx_HAL_Driver/Src/stm32f0xx_hal_uart.o
                0x0000000008003058                UART_AdvFeatureConfig
 .text.UART_CheckIdleState
                0x00000000080031c0       0xb0 Drivers/STM32F0xx_HAL_Driver/Src/stm32f0xx_hal_uart.o
                0x00000000080031c0                UART_CheckIdleState
 .text.UART_WaitOnFlagUntilTimeout
                0x0000000008003270       0x98 Drivers/STM32F0xx_HAL_Driver/Src/stm32f0xx_hal_uart.o
                0x0000000008003270                UART_WaitOnFlagUntilTimeout
 .text._Z18GPS_RxCpltCallbackv
                0x0000000008003308       0xa8 Src/gps-driver/gps-driver.o
                0x0000000008003308                GPS_RxCpltCallback()
 .text._ZL14parseRMCStringPKcP8gps_data
                0x00000000080033b0      0x188 Src/gps-driver/gps-driver.o
 .text._ZN11HELPER_FIFOI8gps_dataLt5ELt1EEC2Ev
                0x0000000008003538       0x2a Src/gps-driver/gps-driver.o
                0x0000000008003538                HELPER_FIFO<gps_data, (unsigned short)5, (unsigned short)1>::HELPER_FIFO()
                0x0000000008003538                HELPER_FIFO<gps_data, (unsigned short)5, (unsigned short)1>::HELPER_FIFO()
 .text._ZN11HELPER_FIFOI8gps_dataLt5ELt1EE8PushBackEPS0_Pb
                0x0000000008003562       0x92 Src/gps-driver/gps-driver.o
                0x0000000008003562                HELPER_FIFO<gps_data, (unsigned short)5, (unsigned short)1>::PushBack(gps_data*, bool*)
 .text._ZN11HELPER_FIFOI8gps_dataLt5ELt1EE13copyArrayDataEtPS0_
                0x00000000080035f4       0x64 Src/gps-driver/gps-driver.o
                0x00000000080035f4                HELPER_FIFO<gps_data, (unsigned short)5, (unsigned short)1>::copyArrayData(unsigned short, gps_data*)
 .text._Z41__static_initialization_and_destruction_0ii
                0x0000000008003658       0x30 Src/gps-driver/gps-driver.o
 .text._GLOBAL__sub_I__Z8GPS_initP13USART_TypeDef
                0x0000000008003688       0x18 Src/gps-driver/gps-driver.o
 .text.main     0x00000000080036a0      0x104 Src/main.o
                0x00000000080036a0                main
 .text._Z18SystemClock_Configv
                0x00000000080037a4       0xbe Src/main.o
                0x00000000080037a4                SystemClock_Config()
 *fill*         0x0000000008003862        0x2 
 .text._ZL19MX_USART1_UART_Initv
                0x0000000008003864       0x68 Src/main.o
 .text._ZL19MX_USART2_UART_Initv
                0x00000000080038cc       0x68 Src/main.o
 .text._ZL12MX_GPIO_Initv
                0x0000000008003934       0xd4 Src/main.o
 .text.Error_Handler
                0x0000000008003a08        0xa Src/main.o
                0x0000000008003a08                Error_Handler
 .text._ZN40SUBSYSTEM_DATA_MODULE_TEMPLATE_INTERFACEI23MOTOR_DRIVER_RX_FRAME_035MOTOR_DRIVER_RX_FRAME_0_DATA_PACKETE19GetOldestDataPacketEPb
                0x0000000008003a12       0x4a Src/main.o
                0x0000000008003a12                SUBSYSTEM_DATA_MODULE_TEMPLATE_INTERFACE<MOTOR_DRIVER_RX_FRAME_0, MOTOR_DRIVER_RX_FRAME_0_DATA_PACKET>::GetOldestDataPacket(bool*)
 .text._ZN11HELPER_FIFOIhLt3ELt8EE8PopFrontEPb
                0x0000000008003a5c       0x86 Src/main.o
                0x0000000008003a5c                HELPER_FIFO<unsigned char, (unsigned short)3, (unsigned short)8>::PopFront(bool*)
 *fill*         0x0000000008003ae2        0x2 
 .text.HAL_MspInit
                0x0000000008003ae4       0x48 Src/stm32f0xx_hal_msp.o
                0x0000000008003ae4                HAL_MspInit
 .text.HAL_UART_MspInit
                0x0000000008003b2c      0x120 Src/stm32f0xx_hal_msp.o
                0x0000000008003b2c                HAL_UART_MspInit
 .text.NMI_Handler
                0x0000000008003c4c        0xa Src/stm32f0xx_it.o
                0x0000000008003c4c                NMI_Handler
 .text.HardFault_Handler
                0x0000000008003c56        0x6 Src/stm32f0xx_it.o
                0x0000000008003c56                HardFault_Handler
 .text.SVC_Handler
                0x0000000008003c5c        0xa Src/stm32f0xx_it.o
                0x0000000008003c5c                SVC_Handler
 .text.PendSV_Handler
                0x0000000008003c66        0xa Src/stm32f0xx_it.o
                0x0000000008003c66                PendSV_Handler
 .text.SysTick_Handler
                0x0000000008003c70        0xe Src/stm32f0xx_it.o
                0x0000000008003c70                SysTick_Handler
 *fill*         0x0000000008003c7e        0x2 
 .text.USART1_IRQHandler
                0x0000000008003c80       0x38 Src/stm32f0xx_it.o
                0x0000000008003c80                USART1_IRQHandler
 .text._getpid  0x0000000008003cb8        0xc Src/syscalls.o
                0x0000000008003cb8                _getpid
 .text._kill    0x0000000008003cc4       0x20 Src/syscalls.o
                0x0000000008003cc4                _kill
 .text._exit    0x0000000008003ce4       0x18 Src/syscalls.o
                0x0000000008003ce4                _exit
 .text.SystemInit
                0x0000000008003cfc       0x88 Src/system_stm32f0xx.o
                0x0000000008003cfc                SystemInit
 .text._ZN13BMS_MESSAGE_017dataPacketToArrayE25BMS_MESSAGE_0_DATA_PACKETPh
                0x0000000008003d84       0xe8 Src/subsystem-can-driver/bms-data-module.o
                0x0000000008003d84                BMS_MESSAGE_0::dataPacketToArray(BMS_MESSAGE_0_DATA_PACKET, unsigned char*)
 .text._ZN13BMS_MESSAGE_0C2Ev
                0x0000000008003e6c       0x34 Src/subsystem-can-driver/bms-data-module.o
                0x0000000008003e6c                BMS_MESSAGE_0::BMS_MESSAGE_0()
                0x0000000008003e6c                BMS_MESSAGE_0::BMS_MESSAGE_0()
 .text._ZN40SUBSYSTEM_DATA_MODULE_TEMPLATE_INTERFACEI13BMS_MESSAGE_025BMS_MESSAGE_0_DATA_PACKETEC2Emhbbb
                0x0000000008003ea0       0x4c Src/subsystem-can-driver/bms-data-module.o
                0x0000000008003ea0                SUBSYSTEM_DATA_MODULE_TEMPLATE_INTERFACE<BMS_MESSAGE_0, BMS_MESSAGE_0_DATA_PACKET>::SUBSYSTEM_DATA_MODULE_TEMPLATE_INTERFACE(unsigned long, unsigned char, bool, bool, bool)
                0x0000000008003ea0                SUBSYSTEM_DATA_MODULE_TEMPLATE_INTERFACE<BMS_MESSAGE_0, BMS_MESSAGE_0_DATA_PACKET>::SUBSYSTEM_DATA_MODULE_TEMPLATE_INTERFACE(unsigned long, unsigned char, bool, bool, bool)
 .text._ZN40SUBSYSTEM_DATA_MODULE_TEMPLATE_INTERFACEI13BMS_MESSAGE_025BMS_MESSAGE_0_DATA_PACKETE18fillTransmitBufferEv
                0x0000000008003eec       0x26 Src/subsystem-can-driver/bms-data-module.o
                0x0000000008003eec                SUBSYSTEM_DATA_MODULE_TEMPLATE_INTERFACE<BMS_MESSAGE_0, BMS_MESSAGE_0_DATA_PACKET>::fillTransmitBuffer()
 .text._ZN23MOTOR_DRIVER_RX_FRAME_017dataPacketToArrayE35MOTOR_DRIVER_RX_FRAME_0_DATA_PACKETPh
                0x0000000008003f12       0x3a Src/subsystem-can-driver/motor-driver-data-module.o
                0x0000000008003f12                MOTOR_DRIVER_RX_FRAME_0::dataPacketToArray(MOTOR_DRIVER_RX_FRAME_0_DATA_PACKET, unsigned char*)
 .text._ZN23MOTOR_DRIVER_RX_FRAME_017arrayToDataPacketEPh
                0x0000000008003f4c       0x38 Src/subsystem-can-driver/motor-driver-data-module.o
                0x0000000008003f4c                MOTOR_DRIVER_RX_FRAME_0::arrayToDataPacket(unsigned char*)
 .text._ZN23MOTOR_DRIVER_RX_FRAME_0C2Ev
                0x0000000008003f84       0x34 Src/subsystem-can-driver/motor-driver-data-module.o
                0x0000000008003f84                MOTOR_DRIVER_RX_FRAME_0::MOTOR_DRIVER_RX_FRAME_0()
                0x0000000008003f84                MOTOR_DRIVER_RX_FRAME_0::MOTOR_DRIVER_RX_FRAME_0()
 .text._ZN40SUBSYSTEM_DATA_MODULE_TEMPLATE_INTERFACEI23MOTOR_DRIVER_RX_FRAME_035MOTOR_DRIVER_RX_FRAME_0_DATA_PACKETEC2Emhbbb
                0x0000000008003fb8       0x4c Src/subsystem-can-driver/motor-driver-data-module.o
                0x0000000008003fb8                SUBSYSTEM_DATA_MODULE_TEMPLATE_INTERFACE<MOTOR_DRIVER_RX_FRAME_0, MOTOR_DRIVER_RX_FRAME_0_DATA_PACKET>::SUBSYSTEM_DATA_MODULE_TEMPLATE_INTERFACE(unsigned long, unsigned char, bool, bool, bool)
                0x0000000008003fb8                SUBSYSTEM_DATA_MODULE_TEMPLATE_INTERFACE<MOTOR_DRIVER_RX_FRAME_0, MOTOR_DRIVER_RX_FRAME_0_DATA_PACKET>::SUBSYSTEM_DATA_MODULE_TEMPLATE_INTERFACE(unsigned long, unsigned char, bool, bool, bool)
 .text._ZN40SUBSYSTEM_DATA_MODULE_TEMPLATE_INTERFACEI23MOTOR_DRIVER_RX_FRAME_035MOTOR_DRIVER_RX_FRAME_0_DATA_PACKETE18fillTransmitBufferEv
                0x0000000008004004       0x22 Src/subsystem-can-driver/motor-driver-data-module.o
                0x0000000008004004                SUBSYSTEM_DATA_MODULE_TEMPLATE_INTERFACE<MOTOR_DRIVER_RX_FRAME_0, MOTOR_DRIVER_RX_FRAME_0_DATA_PACKET>::fillTransmitBuffer()
 *fill*         0x0000000008004026        0x2 
 .text._ZN14MPPT_MESSAGE_017dataPacketToArrayE26MPPT_MESSAGE_0_DATA_PACKETPh
                0x0000000008004028       0xe4 Src/subsystem-can-driver/mppt-data-module.o
                0x0000000008004028                MPPT_MESSAGE_0::dataPacketToArray(MPPT_MESSAGE_0_DATA_PACKET, unsigned char*)
 .text._ZN14MPPT_MESSAGE_0C2Ev
                0x000000000800410c       0x34 Src/subsystem-can-driver/mppt-data-module.o
                0x000000000800410c                MPPT_MESSAGE_0::MPPT_MESSAGE_0()
                0x000000000800410c                MPPT_MESSAGE_0::MPPT_MESSAGE_0()
 .text._ZN40SUBSYSTEM_DATA_MODULE_TEMPLATE_INTERFACEI14MPPT_MESSAGE_026MPPT_MESSAGE_0_DATA_PACKETEC2Emhbbb
                0x0000000008004140       0x4c Src/subsystem-can-driver/mppt-data-module.o
                0x0000000008004140                SUBSYSTEM_DATA_MODULE_TEMPLATE_INTERFACE<MPPT_MESSAGE_0, MPPT_MESSAGE_0_DATA_PACKET>::SUBSYSTEM_DATA_MODULE_TEMPLATE_INTERFACE(unsigned long, unsigned char, bool, bool, bool)
                0x0000000008004140                SUBSYSTEM_DATA_MODULE_TEMPLATE_INTERFACE<MPPT_MESSAGE_0, MPPT_MESSAGE_0_DATA_PACKET>::SUBSYSTEM_DATA_MODULE_TEMPLATE_INTERFACE(unsigned long, unsigned char, bool, bool, bool)
 .text._ZN40SUBSYSTEM_DATA_MODULE_TEMPLATE_INTERFACEI14MPPT_MESSAGE_026MPPT_MESSAGE_0_DATA_PACKETE18fillTransmitBufferEv
                0x000000000800418c       0x26 Src/subsystem-can-driver/mppt-data-module.o
                0x000000000800418c                SUBSYSTEM_DATA_MODULE_TEMPLATE_INTERFACE<MPPT_MESSAGE_0, MPPT_MESSAGE_0_DATA_PACKET>::fillTransmitBuffer()
 .text.HAL_CAN_RxFifo0MsgPendingCallback
                0x00000000080041b2       0x84 Src/subsystem-can-driver/subsystem-data-module.o
                0x00000000080041b2                HAL_CAN_RxFifo0MsgPendingCallback
 *fill*         0x0000000008004236        0x2 
 .text.CEC_CAN_IRQHandler
                0x0000000008004238       0x18 Src/subsystem-can-driver/subsystem-data-module.o
                0x0000000008004238                CEC_CAN_IRQHandler
 .text.HAL_CAN_MspInit
                0x0000000008004250       0xac Src/subsystem-can-driver/subsystem-data-module.o
                0x0000000008004250                HAL_CAN_MspInit
 .text._ZN21SUBSYSTEM_DATA_MODULEC2Emhbbb
                0x00000000080042fc       0x74 Src/subsystem-can-driver/subsystem-data-module.o
                0x00000000080042fc                SUBSYSTEM_DATA_MODULE::SUBSYSTEM_DATA_MODULE(unsigned long, unsigned char, bool, bool, bool)
                0x00000000080042fc                SUBSYSTEM_DATA_MODULE::SUBSYSTEM_DATA_MODULE(unsigned long, unsigned char, bool, bool, bool)
 .text._ZN21SUBSYSTEM_DATA_MODULE19FindReceivingModuleEm
                0x0000000008004370       0x24 Src/subsystem-can-driver/subsystem-data-module.o
                0x0000000008004370                SUBSYSTEM_DATA_MODULE::FindReceivingModule(unsigned long)
 .text._ZN21SUBSYSTEM_DATA_MODULE12SetupReceiveEPFvPS_E
                0x0000000008004394       0x40 Src/subsystem-can-driver/subsystem-data-module.o
                0x0000000008004394                SUBSYSTEM_DATA_MODULE::SetupReceive(void (*)(SUBSYSTEM_DATA_MODULE*))
 .text._ZN21SUBSYSTEM_DATA_MODULE8SendDataEv
                0x00000000080043d4       0x42 Src/subsystem-can-driver/subsystem-data-module.o
                0x00000000080043d4                SUBSYSTEM_DATA_MODULE::SendData()
 .text._ZN21SUBSYSTEM_DATA_MODULE19CallReceiveCallbackEv
                0x0000000008004416       0x22 Src/subsystem-can-driver/subsystem-data-module.o
                0x0000000008004416                SUBSYSTEM_DATA_MODULE::CallReceiveCallback()
 .text._ZN21SUBSYSTEM_DATA_MODULE8StartCANEv
                0x0000000008004438       0xc4 Src/subsystem-can-driver/subsystem-data-module.o
                0x0000000008004438                SUBSYSTEM_DATA_MODULE::StartCAN()
 .text._ZN21SUBSYSTEM_DATA_MODULE22sendTransmitBufferDataEv
                0x00000000080044fc       0x84 Src/subsystem-can-driver/subsystem-data-module.o
                0x00000000080044fc                SUBSYSTEM_DATA_MODULE::sendTransmitBufferData()
 .text._ZN21SUBSYSTEM_DATA_MODULE14sendRTRMessageEv
                0x0000000008004580       0x84 Src/subsystem-can-driver/subsystem-data-module.o
                0x0000000008004580                SUBSYSTEM_DATA_MODULE::sendRTRMessage()
 .text._ZN21SUBSYSTEM_DATA_MODULE11isFifoEmptyEv
                0x0000000008004604       0x1c Src/subsystem-can-driver/subsystem-data-module.o
                0x0000000008004604                SUBSYSTEM_DATA_MODULE::isFifoEmpty()
 .text._ZN21SUBSYSTEM_DATA_MODULE9addToFifoEPh
                0x0000000008004620       0x26 Src/subsystem-can-driver/subsystem-data-module.o
                0x0000000008004620                SUBSYSTEM_DATA_MODULE::addToFifo(unsigned char*)
 .text._ZN11HELPER_FIFOIhLt3ELt8EEC2Ev
                0x0000000008004646       0x24 Src/subsystem-can-driver/subsystem-data-module.o
                0x0000000008004646                HELPER_FIFO<unsigned char, (unsigned short)3, (unsigned short)8>::HELPER_FIFO()
                0x0000000008004646                HELPER_FIFO<unsigned char, (unsigned short)3, (unsigned short)8>::HELPER_FIFO()
 .text._ZN11HELPER_FIFOIhLt3ELt8EE7IsEmptyEv
                0x000000000800466a       0x2a Src/subsystem-can-driver/subsystem-data-module.o
                0x000000000800466a                HELPER_FIFO<unsigned char, (unsigned short)3, (unsigned short)8>::IsEmpty()
 .text._ZN11HELPER_FIFOIhLt3ELt8EE8PushBackEPhPb
                0x0000000008004694       0x80 Src/subsystem-can-driver/subsystem-data-module.o
                0x0000000008004694                HELPER_FIFO<unsigned char, (unsigned short)3, (unsigned short)8>::PushBack(unsigned char*, bool*)
 .text._ZN11HELPER_FIFOIhLt3ELt8EE13copyArrayDataEtPh
                0x0000000008004714       0x58 Src/subsystem-can-driver/subsystem-data-module.o
                0x0000000008004714                HELPER_FIFO<unsigned char, (unsigned short)3, (unsigned short)8>::copyArrayData(unsigned short, unsigned char*)
 .text._Z41__static_initialization_and_destruction_0ii
                0x000000000800476c       0x30 Src/subsystem-can-driver/subsystem-data-module.o
 .text._GLOBAL__sub_I__ZN21SUBSYSTEM_DATA_MODULE13rxModulesTreeE
                0x000000000800479c       0x18 Src/subsystem-can-driver/subsystem-data-module.o
 .text._ZN14RX_BINARY_TREEC2Ev
                0x00000000080047b4       0x20 Src/subsystem-can-driver/helper-code/rx-module-binary-tree.o
                0x00000000080047b4                RX_BINARY_TREE::RX_BINARY_TREE()
                0x00000000080047b4                RX_BINARY_TREE::RX_BINARY_TREE()
 .text._ZN14RX_BINARY_TREE7AddNodeEP21SUBSYSTEM_DATA_MODULE
                0x00000000080047d4       0x36 Src/subsystem-can-driver/helper-code/rx-module-binary-tree.o
                0x00000000080047d4                RX_BINARY_TREE::AddNode(SUBSYSTEM_DATA_MODULE*)
 .text._ZN14RX_BINARY_TREE11FindElementEm
                0x000000000800480a       0x32 Src/subsystem-can-driver/helper-code/rx-module-binary-tree.o
                0x000000000800480a                RX_BINARY_TREE::FindElement(unsigned long)
 .text._ZN14RX_BINARY_TREE4findEP4Nodel
                0x000000000800483c       0x88 Src/subsystem-can-driver/helper-code/rx-module-binary-tree.o
                0x000000000800483c                RX_BINARY_TREE::find(Node*, long)
 .text._ZN14RX_BINARY_TREE7newNodeEP21SUBSYSTEM_DATA_MODULE
                0x00000000080048c4       0x6e Src/subsystem-can-driver/helper-code/rx-module-binary-tree.o
                0x00000000080048c4                RX_BINARY_TREE::newNode(SUBSYSTEM_DATA_MODULE*)
 .text._ZN14RX_BINARY_TREE3maxEmm
                0x0000000008004932       0x22 Src/subsystem-can-driver/helper-code/rx-module-binary-tree.o
                0x0000000008004932                RX_BINARY_TREE::max(unsigned long, unsigned long)
 .text._ZN14RX_BINARY_TREE6heightEP4Node
                0x0000000008004954       0x20 Src/subsystem-can-driver/helper-code/rx-module-binary-tree.o
                0x0000000008004954                RX_BINARY_TREE::height(Node*)
 .text._ZN14RX_BINARY_TREE8node_keyEP4Node
                0x0000000008004974       0x32 Src/subsystem-can-driver/helper-code/rx-module-binary-tree.o
                0x0000000008004974                RX_BINARY_TREE::node_key(Node*)
 .text._ZN14RX_BINARY_TREE11element_keyEP21SUBSYSTEM_DATA_MODULE
                0x00000000080049a6       0x22 Src/subsystem-can-driver/helper-code/rx-module-binary-tree.o
                0x00000000080049a6                RX_BINARY_TREE::element_key(SUBSYSTEM_DATA_MODULE*)
 .text._ZN14RX_BINARY_TREE11rightRotateEP4Node
                0x00000000080049c8       0xa0 Src/subsystem-can-driver/helper-code/rx-module-binary-tree.o
                0x00000000080049c8                RX_BINARY_TREE::rightRotate(Node*)
 .text._ZN14RX_BINARY_TREE10leftRotateEP4Node
                0x0000000008004a68       0xa0 Src/subsystem-can-driver/helper-code/rx-module-binary-tree.o
                0x0000000008004a68                RX_BINARY_TREE::leftRotate(Node*)
 .text._ZN14RX_BINARY_TREE10getBalanceEP4Node
                0x0000000008004b08       0x40 Src/subsystem-can-driver/helper-code/rx-module-binary-tree.o
                0x0000000008004b08                RX_BINARY_TREE::getBalance(Node*)
 .text._ZN14RX_BINARY_TREE6insertEP4NodeP21SUBSYSTEM_DATA_MODULE
                0x0000000008004b48      0x22e Src/subsystem-can-driver/helper-code/rx-module-binary-tree.o
                0x0000000008004b48                RX_BINARY_TREE::insert(Node*, SUBSYSTEM_DATA_MODULE*)
 *fill*         0x0000000008004d76        0x2 
 .text.Reset_Handler
                0x0000000008004d78       0x50 Startup/startup_stm32f072rbtx.o
                0x0000000008004d78                Reset_Handler
 .text.Default_Handler
                0x0000000008004dc8        0x2 Startup/startup_stm32f072rbtx.o
                0x0000000008004dc8                TIM1_CC_IRQHandler
                0x0000000008004dc8                TSC_IRQHandler
                0x0000000008004dc8                ADC1_COMP_IRQHandler
                0x0000000008004dc8                I2C1_IRQHandler
                0x0000000008004dc8                RCC_CRS_IRQHandler
                0x0000000008004dc8                SPI1_IRQHandler
                0x0000000008004dc8                TIM6_DAC_IRQHandler
                0x0000000008004dc8                USART3_4_IRQHandler
                0x0000000008004dc8                EXTI2_3_IRQHandler
                0x0000000008004dc8                I2C2_IRQHandler
                0x0000000008004dc8                TIM17_IRQHandler
                0x0000000008004dc8                RTC_IRQHandler
                0x0000000008004dc8                PVD_VDDIO2_IRQHandler
                0x0000000008004dc8                DMA1_Channel4_5_6_7_IRQHandler
                0x0000000008004dc8                TIM16_IRQHandler
                0x0000000008004dc8                TIM3_IRQHandler
                0x0000000008004dc8                EXTI4_15_IRQHandler
                0x0000000008004dc8                DMA1_Channel1_IRQHandler
                0x0000000008004dc8                Default_Handler
                0x0000000008004dc8                TIM14_IRQHandler
                0x0000000008004dc8                TIM7_IRQHandler
                0x0000000008004dc8                TIM15_IRQHandler
                0x0000000008004dc8                EXTI0_1_IRQHandler
                0x0000000008004dc8                USB_IRQHandler
                0x0000000008004dc8                SPI2_IRQHandler
                0x0000000008004dc8                WWDG_IRQHandler
                0x0000000008004dc8                TIM2_IRQHandler
                0x0000000008004dc8                DMA1_Channel2_3_IRQHandler
                0x0000000008004dc8                USART2_IRQHandler
                0x0000000008004dc8                FLASH_IRQHandler
                0x0000000008004dc8                TIM1_BRK_UP_TRG_COM_IRQHandler
 .text.__cxa_pure_virtual
                0x0000000008004dca        0x6 d:/st/stm32cubeide_1.0.2/stm32cubeide/plugins/com.st.stm32cube.ide.mcu.externaltools.gnu-tools-for-stm32.7-2018-q2-update.win32_1.0.0.201904181610/tools/bin/../lib/gcc/arm-none-eabi/7.3.1/../../../../arm-none-eabi/lib/thumb/v6-m\libstdc++_nano.a(pure.o)
                0x0000000008004dca                __cxa_pure_virtual
 .text._ZN10__cxxabiv111__terminateEPFvvE
                0x0000000008004dd0        0x8 d:/st/stm32cubeide_1.0.2/stm32cubeide/plugins/com.st.stm32cube.ide.mcu.externaltools.gnu-tools-for-stm32.7-2018-q2-update.win32_1.0.0.201904181610/tools/bin/../lib/gcc/arm-none-eabi/7.3.1/../../../../arm-none-eabi/lib/thumb/v6-m\libstdc++_nano.a(eh_terminate.o)
                0x0000000008004dd0                __cxxabiv1::__terminate(void (*)())
 .text._ZSt9terminatev
                0x0000000008004dd8       0x10 d:/st/stm32cubeide_1.0.2/stm32cubeide/plugins/com.st.stm32cube.ide.mcu.externaltools.gnu-tools-for-stm32.7-2018-q2-update.win32_1.0.0.201904181610/tools/bin/../lib/gcc/arm-none-eabi/7.3.1/../../../../arm-none-eabi/lib/thumb/v6-m\libstdc++_nano.a(eh_terminate.o)
                0x0000000008004dd8                std::terminate()
 .text.abort    0x0000000008004de8        0xe d:/st/stm32cubeide_1.0.2/stm32cubeide/plugins/com.st.stm32cube.ide.mcu.externaltools.gnu-tools-for-stm32.7-2018-q2-update.win32_1.0.0.201904181610/tools/bin/../lib/gcc/arm-none-eabi/7.3.1/../../../../arm-none-eabi/lib/thumb/v6-m\libc_nano.a(lib_a-abort.o)
                0x0000000008004de8                abort
 *fill*         0x0000000008004df6        0x2 
 .text.__errno  0x0000000008004df8        0xc d:/st/stm32cubeide_1.0.2/stm32cubeide/plugins/com.st.stm32cube.ide.mcu.externaltools.gnu-tools-for-stm32.7-2018-q2-update.win32_1.0.0.201904181610/tools/bin/../lib/gcc/arm-none-eabi/7.3.1/../../../../arm-none-eabi/lib/thumb/v6-m\libc_nano.a(lib_a-errno.o)
                0x0000000008004df8                __errno
 .text.__libc_init_array
                0x0000000008004e04       0x48 d:/st/stm32cubeide_1.0.2/stm32cubeide/plugins/com.st.stm32cube.ide.mcu.externaltools.gnu-tools-for-stm32.7-2018-q2-update.win32_1.0.0.201904181610/tools/bin/../lib/gcc/arm-none-eabi/7.3.1/../../../../arm-none-eabi/lib/thumb/v6-m\libc_nano.a(lib_a-init.o)
                0x0000000008004e04                __libc_init_array
 .text.memcpy   0x0000000008004e4c       0x12 d:/st/stm32cubeide_1.0.2/stm32cubeide/plugins/com.st.stm32cube.ide.mcu.externaltools.gnu-tools-for-stm32.7-2018-q2-update.win32_1.0.0.201904181610/tools/bin/../lib/gcc/arm-none-eabi/7.3.1/../../../../arm-none-eabi/lib/thumb/v6-m\libc_nano.a(lib_a-memcpy-stub.o)
                0x0000000008004e4c                memcpy
 .text.memset   0x0000000008004e5e       0x10 d:/st/stm32cubeide_1.0.2/stm32cubeide/plugins/com.st.stm32cube.ide.mcu.externaltools.gnu-tools-for-stm32.7-2018-q2-update.win32_1.0.0.201904181610/tools/bin/../lib/gcc/arm-none-eabi/7.3.1/../../../../arm-none-eabi/lib/thumb/v6-m\libc_nano.a(lib_a-memset.o)
                0x0000000008004e5e                memset
 .text._raise_r
                0x0000000008004e6e       0x54 d:/st/stm32cubeide_1.0.2/stm32cubeide/plugins/com.st.stm32cube.ide.mcu.externaltools.gnu-tools-for-stm32.7-2018-q2-update.win32_1.0.0.201904181610/tools/bin/../lib/gcc/arm-none-eabi/7.3.1/../../../../arm-none-eabi/lib/thumb/v6-m\libc_nano.a(lib_a-signal.o)
                0x0000000008004e6e                _raise_r
 *fill*         0x0000000008004ec2        0x2 
 .text.raise    0x0000000008004ec4       0x14 d:/st/stm32cubeide_1.0.2/stm32cubeide/plugins/com.st.stm32cube.ide.mcu.externaltools.gnu-tools-for-stm32.7-2018-q2-update.win32_1.0.0.201904181610/tools/bin/../lib/gcc/arm-none-eabi/7.3.1/../../../../arm-none-eabi/lib/thumb/v6-m\libc_nano.a(lib_a-signal.o)
                0x0000000008004ec4                raise
 .text._kill_r  0x0000000008004ed8       0x24 d:/st/stm32cubeide_1.0.2/stm32cubeide/plugins/com.st.stm32cube.ide.mcu.externaltools.gnu-tools-for-stm32.7-2018-q2-update.win32_1.0.0.201904181610/tools/bin/../lib/gcc/arm-none-eabi/7.3.1/../../../../arm-none-eabi/lib/thumb/v6-m\libc_nano.a(lib_a-signalr.o)
                0x0000000008004ed8                _kill_r
 .text._getpid_r
                0x0000000008004efc        0x8 d:/st/stm32cubeide_1.0.2/stm32cubeide/plugins/com.st.stm32cube.ide.mcu.externaltools.gnu-tools-for-stm32.7-2018-q2-update.win32_1.0.0.201904181610/tools/bin/../lib/gcc/arm-none-eabi/7.3.1/../../../../arm-none-eabi/lib/thumb/v6-m\libc_nano.a(lib_a-signalr.o)
                0x0000000008004efc                _getpid_r
 .text.strchr   0x0000000008004f04       0x1c d:/st/stm32cubeide_1.0.2/stm32cubeide/plugins/com.st.stm32cube.ide.mcu.externaltools.gnu-tools-for-stm32.7-2018-q2-update.win32_1.0.0.201904181610/tools/bin/../lib/gcc/arm-none-eabi/7.3.1/../../../../arm-none-eabi/lib/thumb/v6-m\libc_nano.a(lib_a-strchr.o)
                0x0000000008004f04                strchr
 .text.strcspn  0x0000000008004f20       0x22 d:/st/stm32cubeide_1.0.2/stm32cubeide/plugins/com.st.stm32cube.ide.mcu.externaltools.gnu-tools-for-stm32.7-2018-q2-update.win32_1.0.0.201904181610/tools/bin/../lib/gcc/arm-none-eabi/7.3.1/../../../../arm-none-eabi/lib/thumb/v6-m\libc_nano.a(lib_a-strcspn.o)
                0x0000000008004f20                strcspn
 .text.strncpy  0x0000000008004f42       0x28 d:/st/stm32cubeide_1.0.2/stm32cubeide/plugins/com.st.stm32cube.ide.mcu.externaltools.gnu-tools-for-stm32.7-2018-q2-update.win32_1.0.0.201904181610/tools/bin/../lib/gcc/arm-none-eabi/7.3.1/../../../../arm-none-eabi/lib/thumb/v6-m\libc_nano.a(lib_a-strncpy.o)
                0x0000000008004f42                strncpy
 .text.strstr   0x0000000008004f6a       0x32 d:/st/stm32cubeide_1.0.2/stm32cubeide/plugins/com.st.stm32cube.ide.mcu.externaltools.gnu-tools-for-stm32.7-2018-q2-update.win32_1.0.0.201904181610/tools/bin/../lib/gcc/arm-none-eabi/7.3.1/../../../../arm-none-eabi/lib/thumb/v6-m\libc_nano.a(lib_a-strstr.o)
                0x0000000008004f6a                strstr
 *(.glue_7)
 .glue_7        0x0000000008004f9c        0x0 linker stubs
 *(.glue_7t)
 .glue_7t       0x0000000008004f9c        0x0 linker stubs
 *(.eh_frame)
 .eh_frame      0x0000000008004f9c        0x0 d:/st/stm32cubeide_1.0.2/stm32cubeide/plugins/com.st.stm32cube.ide.mcu.externaltools.gnu-tools-for-stm32.7-2018-q2-update.win32_1.0.0.201904181610/tools/bin/../lib/gcc/arm-none-eabi/7.3.1/thumb/v6-m/crtbegin.o
 *(.init)
 .init          0x0000000008004f9c        0x4 d:/st/stm32cubeide_1.0.2/stm32cubeide/plugins/com.st.stm32cube.ide.mcu.externaltools.gnu-tools-for-stm32.7-2018-q2-update.win32_1.0.0.201904181610/tools/bin/../lib/gcc/arm-none-eabi/7.3.1/thumb/v6-m/crti.o
                0x0000000008004f9c                _init
 .init          0x0000000008004fa0        0x8 d:/st/stm32cubeide_1.0.2/stm32cubeide/plugins/com.st.stm32cube.ide.mcu.externaltools.gnu-tools-for-stm32.7-2018-q2-update.win32_1.0.0.201904181610/tools/bin/../lib/gcc/arm-none-eabi/7.3.1/thumb/v6-m/crtn.o
 *(.fini)
 .fini          0x0000000008004fa8        0x4 d:/st/stm32cubeide_1.0.2/stm32cubeide/plugins/com.st.stm32cube.ide.mcu.externaltools.gnu-tools-for-stm32.7-2018-q2-update.win32_1.0.0.201904181610/tools/bin/../lib/gcc/arm-none-eabi/7.3.1/thumb/v6-m/crti.o
                0x0000000008004fa8                _fini
 .fini          0x0000000008004fac        0x8 d:/st/stm32cubeide_1.0.2/stm32cubeide/plugins/com.st.stm32cube.ide.mcu.externaltools.gnu-tools-for-stm32.7-2018-q2-update.win32_1.0.0.201904181610/tools/bin/../lib/gcc/arm-none-eabi/7.3.1/thumb/v6-m/crtn.o
                0x0000000008004fb4                . = ALIGN (0x4)
                0x0000000008004fb4                _etext = .

.vfp11_veneer   0x0000000008004fb4        0x0
 .vfp11_veneer  0x0000000008004fb4        0x0 linker stubs

.v4_bx          0x0000000008004fb4        0x0
 .v4_bx         0x0000000008004fb4        0x0 linker stubs

.iplt           0x0000000008004fb4        0x0
 .iplt          0x0000000008004fb4        0x0 d:/st/stm32cubeide_1.0.2/stm32cubeide/plugins/com.st.stm32cube.ide.mcu.externaltools.gnu-tools-for-stm32.7-2018-q2-update.win32_1.0.0.201904181610/tools/bin/../lib/gcc/arm-none-eabi/7.3.1/thumb/v6-m/crtbegin.o

.rodata         0x0000000008004fb4      0x13c
                0x0000000008004fb4                . = ALIGN (0x4)
 *(.rodata)
 .rodata        0x0000000008004fb4       0x20 Drivers/STM32F0xx_HAL_Driver/Src/stm32f0xx_hal_rcc.o
 .rodata        0x0000000008004fd4       0x3e Src/gps-driver/gps-driver.o
 *fill*         0x0000000008005012        0x2 
 .rodata        0x0000000008005014       0x30 Src/main.o
 .rodata        0x0000000008005044       0x40 d:/st/stm32cubeide_1.0.2/stm32cubeide/plugins/com.st.stm32cube.ide.mcu.externaltools.gnu-tools-for-stm32.7-2018-q2-update.win32_1.0.0.201904181610/tools/bin/../lib/gcc/arm-none-eabi/7.3.1/thumb/v6-m\libgcc.a(mulsf3.o)
 *(.rodata*)
 .rodata.AHBPrescTable
                0x0000000008005084       0x10 Src/system_stm32f0xx.o
                0x0000000008005084                AHBPrescTable
 .rodata.APBPrescTable
                0x0000000008005094        0x8 Src/system_stm32f0xx.o
                0x0000000008005094                APBPrescTable
 .rodata._ZTV13BMS_MESSAGE_0
                0x000000000800509c        0xc Src/subsystem-can-driver/bms-data-module.o
                0x000000000800509c                vtable for BMS_MESSAGE_0
 .rodata._ZTV40SUBSYSTEM_DATA_MODULE_TEMPLATE_INTERFACEI13BMS_MESSAGE_025BMS_MESSAGE_0_DATA_PACKETE
                0x00000000080050a8        0xc Src/subsystem-can-driver/bms-data-module.o
                0x00000000080050a8                vtable for SUBSYSTEM_DATA_MODULE_TEMPLATE_INTERFACE<BMS_MESSAGE_0, BMS_MESSAGE_0_DATA_PACKET>
 .rodata._ZTV23MOTOR_DRIVER_RX_FRAME_0
                0x00000000080050b4        0xc Src/subsystem-can-driver/motor-driver-data-module.o
                0x00000000080050b4                vtable for MOTOR_DRIVER_RX_FRAME_0
 .rodata._ZTV40SUBSYSTEM_DATA_MODULE_TEMPLATE_INTERFACEI23MOTOR_DRIVER_RX_FRAME_035MOTOR_DRIVER_RX_FRAME_0_DATA_PACKETE
                0x00000000080050c0        0xc Src/subsystem-can-driver/motor-driver-data-module.o
                0x00000000080050c0                vtable for SUBSYSTEM_DATA_MODULE_TEMPLATE_INTERFACE<MOTOR_DRIVER_RX_FRAME_0, MOTOR_DRIVER_RX_FRAME_0_DATA_PACKET>
 .rodata._ZTV14MPPT_MESSAGE_0
                0x00000000080050cc        0xc Src/subsystem-can-driver/mppt-data-module.o
                0x00000000080050cc                vtable for MPPT_MESSAGE_0
 .rodata._ZTV40SUBSYSTEM_DATA_MODULE_TEMPLATE_INTERFACEI14MPPT_MESSAGE_026MPPT_MESSAGE_0_DATA_PACKETE
                0x00000000080050d8        0xc Src/subsystem-can-driver/mppt-data-module.o
                0x00000000080050d8                vtable for SUBSYSTEM_DATA_MODULE_TEMPLATE_INTERFACE<MPPT_MESSAGE_0, MPPT_MESSAGE_0_DATA_PACKET>
 .rodata._ZTV21SUBSYSTEM_DATA_MODULE
                0x00000000080050e4        0xc Src/subsystem-can-driver/subsystem-data-module.o
                0x00000000080050e4                vtable for SUBSYSTEM_DATA_MODULE
                0x00000000080050f0                . = ALIGN (0x4)

.rel.dyn        0x00000000080050f0        0x0
 .rel.iplt      0x00000000080050f0        0x0 d:/st/stm32cubeide_1.0.2/stm32cubeide/plugins/com.st.stm32cube.ide.mcu.externaltools.gnu-tools-for-stm32.7-2018-q2-update.win32_1.0.0.201904181610/tools/bin/../lib/gcc/arm-none-eabi/7.3.1/thumb/v6-m/crtbegin.o

.ARM.extab      0x00000000080050f0        0x0
                0x00000000080050f0                . = ALIGN (0x4)
 *(.ARM.extab* .gnu.linkonce.armextab.*)
                0x00000000080050f0                . = ALIGN (0x4)

.ARM            0x00000000080050f0        0x0
                0x00000000080050f0                . = ALIGN (0x4)
                0x00000000080050f0                __exidx_start = .
 *(.ARM.exidx*)
                0x00000000080050f0                __exidx_end = .
                0x00000000080050f0                . = ALIGN (0x4)

.preinit_array  0x00000000080050f0        0x0
                0x00000000080050f0                . = ALIGN (0x4)
                0x00000000080050f0                PROVIDE (__preinit_array_start = .)
 *(.preinit_array*)
                0x00000000080050f0                PROVIDE (__preinit_array_end = .)
                0x00000000080050f0                . = ALIGN (0x4)

.init_array     0x00000000080050f0        0xc
                0x00000000080050f0                . = ALIGN (0x4)
                0x00000000080050f0                PROVIDE (__init_array_start = .)
 *(SORT_BY_NAME(.init_array.*))
 *(.init_array*)
 .init_array    0x00000000080050f0        0x4 d:/st/stm32cubeide_1.0.2/stm32cubeide/plugins/com.st.stm32cube.ide.mcu.externaltools.gnu-tools-for-stm32.7-2018-q2-update.win32_1.0.0.201904181610/tools/bin/../lib/gcc/arm-none-eabi/7.3.1/thumb/v6-m/crtbegin.o
 .init_array    0x00000000080050f4        0x4 Src/gps-driver/gps-driver.o
 .init_array    0x00000000080050f8        0x4 Src/subsystem-can-driver/subsystem-data-module.o
                0x00000000080050fc                PROVIDE (__init_array_end = .)
                0x00000000080050fc                . = ALIGN (0x4)

.fini_array     0x00000000080050fc        0x4
                0x00000000080050fc                . = ALIGN (0x4)
                [!provide]                        PROVIDE (__fini_array_start = .)
 *(SORT_BY_NAME(.fini_array.*))
 *(.fini_array*)
 .fini_array    0x00000000080050fc        0x4 d:/st/stm32cubeide_1.0.2/stm32cubeide/plugins/com.st.stm32cube.ide.mcu.externaltools.gnu-tools-for-stm32.7-2018-q2-update.win32_1.0.0.201904181610/tools/bin/../lib/gcc/arm-none-eabi/7.3.1/thumb/v6-m/crtbegin.o
                [!provide]                        PROVIDE (__fini_array_end = .)
                0x0000000008005100                . = ALIGN (0x4)
                0x0000000008005100                _sidata = LOADADDR (.data)

.data           0x0000000020000000       0x6c load address 0x0000000008005100
                0x0000000020000000                . = ALIGN (0x4)
                0x0000000020000000                _sdata = .
 *(.data)
 *(.data*)
 .data.SystemCoreClock
                0x0000000020000000        0x4 Src/system_stm32f0xx.o
                0x0000000020000000                SystemCoreClock
 .data._ZN10__cxxabiv119__terminate_handlerE
                0x0000000020000004        0x4 d:/st/stm32cubeide_1.0.2/stm32cubeide/plugins/com.st.stm32cube.ide.mcu.externaltools.gnu-tools-for-stm32.7-2018-q2-update.win32_1.0.0.201904181610/tools/bin/../lib/gcc/arm-none-eabi/7.3.1/../../../../arm-none-eabi/lib/thumb/v6-m\libstdc++_nano.a(eh_term_handler.o)
                0x0000000020000004                __cxxabiv1::__terminate_handler
 .data._impure_ptr
                0x0000000020000008        0x4 d:/st/stm32cubeide_1.0.2/stm32cubeide/plugins/com.st.stm32cube.ide.mcu.externaltools.gnu-tools-for-stm32.7-2018-q2-update.win32_1.0.0.201904181610/tools/bin/../lib/gcc/arm-none-eabi/7.3.1/../../../../arm-none-eabi/lib/thumb/v6-m\libc_nano.a(lib_a-impure.o)
                0x0000000020000008                _impure_ptr
 .data.impure_data
                0x000000002000000c       0x60 d:/st/stm32cubeide_1.0.2/stm32cubeide/plugins/com.st.stm32cube.ide.mcu.externaltools.gnu-tools-for-stm32.7-2018-q2-update.win32_1.0.0.201904181610/tools/bin/../lib/gcc/arm-none-eabi/7.3.1/../../../../arm-none-eabi/lib/thumb/v6-m\libc_nano.a(lib_a-impure.o)
                0x000000002000006c                . = ALIGN (0x4)
                0x000000002000006c                _edata = .

.igot.plt       0x000000002000006c        0x0 load address 0x000000000800516c
 .igot.plt      0x000000002000006c        0x0 d:/st/stm32cubeide_1.0.2/stm32cubeide/plugins/com.st.stm32cube.ide.mcu.externaltools.gnu-tools-for-stm32.7-2018-q2-update.win32_1.0.0.201904181610/tools/bin/../lib/gcc/arm-none-eabi/7.3.1/thumb/v6-m/crtbegin.o
                0x000000002000006c                . = ALIGN (0x4)

.bss            0x000000002000006c      0x2f0 load address 0x000000000800516c
                0x000000002000006c                _sbss = .
                0x000000002000006c                __bss_start__ = _sbss
 *(.bss)
 .bss           0x000000002000006c       0x1c d:/st/stm32cubeide_1.0.2/stm32cubeide/plugins/com.st.stm32cube.ide.mcu.externaltools.gnu-tools-for-stm32.7-2018-q2-update.win32_1.0.0.201904181610/tools/bin/../lib/gcc/arm-none-eabi/7.3.1/thumb/v6-m/crtbegin.o
 *(.bss*)
 .bss._ZL12uartInstance
                0x0000000020000088        0x4 Src/gps-driver/gps-driver.o
 .bss._ZL8dataFIFO
                0x000000002000008c       0xde Src/gps-driver/gps-driver.o
 *fill*         0x000000002000016a        0x2 
 .bss._ZL9rxMessage
                0x000000002000016c       0x64 Src/gps-driver/gps-driver.o
 .bss._ZL12messageStart
                0x00000000200001d0        0x1 Src/gps-driver/gps-driver.o
 *fill*         0x00000000200001d1        0x1 
 .bss._ZL14rxMessageIndex
                0x00000000200001d2        0x2 Src/gps-driver/gps-driver.o
 .bss.huart2    0x00000000200001d4       0x70 Src/main.o
                0x00000000200001d4                huart2
 .bss.huart1    0x0000000020000244       0x70 Src/main.o
                0x0000000020000244                huart1
 .bss._ZN21SUBSYSTEM_DATA_MODULE13rxModulesTreeE
                0x00000000200002b4       0x78 Src/subsystem-can-driver/subsystem-data-module.o
                0x00000000200002b4                SUBSYSTEM_DATA_MODULE::rxModulesTree
 .bss._ZN21SUBSYSTEM_DATA_MODULE4hcanE
                0x000000002000032c       0x28 Src/subsystem-can-driver/subsystem-data-module.o
                0x000000002000032c                SUBSYSTEM_DATA_MODULE::hcan
 *(COMMON)
 COMMON         0x0000000020000354        0x4 Drivers/STM32F0xx_HAL_Driver/Src/stm32f0xx_hal.o
                0x0000000020000354                uwTick
 COMMON         0x0000000020000358        0x4 d:/st/stm32cubeide_1.0.2/stm32cubeide/plugins/com.st.stm32cube.ide.mcu.externaltools.gnu-tools-for-stm32.7-2018-q2-update.win32_1.0.0.201904181610/tools/bin/../lib/gcc/arm-none-eabi/7.3.1/../../../../arm-none-eabi/lib/thumb/v6-m\libc_nano.a(lib_a-reent.o)
                0x0000000020000358                errno
                0x000000002000035c                . = ALIGN (0x4)
                0x000000002000035c                _ebss = .
                0x000000002000035c                __bss_end__ = _ebss

._user_heap_stack
                0x000000002000035c      0x604 load address 0x000000000800516c
                0x0000000020000360                . = ALIGN (0x8)
 *fill*         0x000000002000035c        0x4 
                0x0000000020000360                PROVIDE (end = .)
                [!provide]                        PROVIDE (_end = .)
                0x0000000020000560                . = (. + _Min_Heap_Size)
 *fill*         0x0000000020000360      0x200 
                0x0000000020000960                . = (. + _Min_Stack_Size)
 *fill*         0x0000000020000560      0x400 
                0x0000000020000960                . = ALIGN (0x8)

/DISCARD/
 libc.a(*)
 libm.a(*)
 libgcc.a(*)

.ARM.attributes
                0x0000000000000000       0x28
 *(.ARM.attributes)
 .ARM.attributes
                0x0000000000000000       0x1e d:/st/stm32cubeide_1.0.2/stm32cubeide/plugins/com.st.stm32cube.ide.mcu.externaltools.gnu-tools-for-stm32.7-2018-q2-update.win32_1.0.0.201904181610/tools/bin/../lib/gcc/arm-none-eabi/7.3.1/thumb/v6-m/crti.o
 .ARM.attributes
                0x000000000000001e       0x2c d:/st/stm32cubeide_1.0.2/stm32cubeide/plugins/com.st.stm32cube.ide.mcu.externaltools.gnu-tools-for-stm32.7-2018-q2-update.win32_1.0.0.201904181610/tools/bin/../lib/gcc/arm-none-eabi/7.3.1/thumb/v6-m/crtbegin.o
 .ARM.attributes
                0x000000000000004a       0x31 Drivers/STM32F0xx_HAL_Driver/Src/stm32f0xx_hal.o
 .ARM.attributes
                0x000000000000007b       0x31 Drivers/STM32F0xx_HAL_Driver/Src/stm32f0xx_hal_can.o
 .ARM.attributes
                0x00000000000000ac       0x31 Drivers/STM32F0xx_HAL_Driver/Src/stm32f0xx_hal_cortex.o
 .ARM.attributes
                0x00000000000000dd       0x31 Drivers/STM32F0xx_HAL_Driver/Src/stm32f0xx_hal_gpio.o
 .ARM.attributes
                0x000000000000010e       0x31 Drivers/STM32F0xx_HAL_Driver/Src/stm32f0xx_hal_rcc.o
 .ARM.attributes
                0x000000000000013f       0x31 Drivers/STM32F0xx_HAL_Driver/Src/stm32f0xx_hal_rcc_ex.o
 .ARM.attributes
                0x0000000000000170       0x31 Drivers/STM32F0xx_HAL_Driver/Src/stm32f0xx_hal_uart.o
 .ARM.attributes
                0x00000000000001a1       0x31 Src/gps-driver/gps-driver.o
 .ARM.attributes
                0x00000000000001d2       0x31 Src/main.o
 .ARM.attributes
                0x0000000000000203       0x31 Src/stm32f0xx_hal_msp.o
 .ARM.attributes
                0x0000000000000234       0x31 Src/stm32f0xx_it.o
 .ARM.attributes
                0x0000000000000265       0x31 Src/syscalls.o
 .ARM.attributes
                0x0000000000000296       0x31 Src/system_stm32f0xx.o
 .ARM.attributes
                0x00000000000002c7       0x31 Src/subsystem-can-driver/bms-data-module.o
 .ARM.attributes
                0x00000000000002f8       0x31 Src/subsystem-can-driver/motor-driver-data-module.o
 .ARM.attributes
                0x0000000000000329       0x31 Src/subsystem-can-driver/mppt-data-module.o
 .ARM.attributes
                0x000000000000035a       0x31 Src/subsystem-can-driver/subsystem-data-module.o
 .ARM.attributes
                0x000000000000038b       0x31 Src/subsystem-can-driver/helper-code/rx-module-binary-tree.o
 .ARM.attributes
                0x00000000000003bc       0x21 Startup/startup_stm32f072rbtx.o
 .ARM.attributes
                0x00000000000003dd       0x2c d:/st/stm32cubeide_1.0.2/stm32cubeide/plugins/com.st.stm32cube.ide.mcu.externaltools.gnu-tools-for-stm32.7-2018-q2-update.win32_1.0.0.201904181610/tools/bin/../lib/gcc/arm-none-eabi/7.3.1/../../../../arm-none-eabi/lib/thumb/v6-m\libstdc++_nano.a(pure.o)
 .ARM.attributes
                0x0000000000000409       0x2c d:/st/stm32cubeide_1.0.2/stm32cubeide/plugins/com.st.stm32cube.ide.mcu.externaltools.gnu-tools-for-stm32.7-2018-q2-update.win32_1.0.0.201904181610/tools/bin/../lib/gcc/arm-none-eabi/7.3.1/../../../../arm-none-eabi/lib/thumb/v6-m\libstdc++_nano.a(eh_terminate.o)
 .ARM.attributes
                0x0000000000000435       0x2c d:/st/stm32cubeide_1.0.2/stm32cubeide/plugins/com.st.stm32cube.ide.mcu.externaltools.gnu-tools-for-stm32.7-2018-q2-update.win32_1.0.0.201904181610/tools/bin/../lib/gcc/arm-none-eabi/7.3.1/../../../../arm-none-eabi/lib/thumb/v6-m\libstdc++_nano.a(eh_term_handler.o)
 .ARM.attributes
                0x0000000000000461       0x2c d:/st/stm32cubeide_1.0.2/stm32cubeide/plugins/com.st.stm32cube.ide.mcu.externaltools.gnu-tools-for-stm32.7-2018-q2-update.win32_1.0.0.201904181610/tools/bin/../lib/gcc/arm-none-eabi/7.3.1/../../../../arm-none-eabi/lib/thumb/v6-m\libc_nano.a(lib_a-abort.o)
 .ARM.attributes
                0x000000000000048d       0x2c d:/st/stm32cubeide_1.0.2/stm32cubeide/plugins/com.st.stm32cube.ide.mcu.externaltools.gnu-tools-for-stm32.7-2018-q2-update.win32_1.0.0.201904181610/tools/bin/../lib/gcc/arm-none-eabi/7.3.1/../../../../arm-none-eabi/lib/thumb/v6-m\libc_nano.a(lib_a-errno.o)
 .ARM.attributes
                0x00000000000004b9       0x2c d:/st/stm32cubeide_1.0.2/stm32cubeide/plugins/com.st.stm32cube.ide.mcu.externaltools.gnu-tools-for-stm32.7-2018-q2-update.win32_1.0.0.201904181610/tools/bin/../lib/gcc/arm-none-eabi/7.3.1/../../../../arm-none-eabi/lib/thumb/v6-m\libc_nano.a(lib_a-impure.o)
 .ARM.attributes
                0x00000000000004e5       0x2c d:/st/stm32cubeide_1.0.2/stm32cubeide/plugins/com.st.stm32cube.ide.mcu.externaltools.gnu-tools-for-stm32.7-2018-q2-update.win32_1.0.0.201904181610/tools/bin/../lib/gcc/arm-none-eabi/7.3.1/../../../../arm-none-eabi/lib/thumb/v6-m\libc_nano.a(lib_a-init.o)
 .ARM.attributes
                0x0000000000000511       0x2c d:/st/stm32cubeide_1.0.2/stm32cubeide/plugins/com.st.stm32cube.ide.mcu.externaltools.gnu-tools-for-stm32.7-2018-q2-update.win32_1.0.0.201904181610/tools/bin/../lib/gcc/arm-none-eabi/7.3.1/../../../../arm-none-eabi/lib/thumb/v6-m\libc_nano.a(lib_a-memcpy-stub.o)
 .ARM.attributes
                0x000000000000053d       0x2c d:/st/stm32cubeide_1.0.2/stm32cubeide/plugins/com.st.stm32cube.ide.mcu.externaltools.gnu-tools-for-stm32.7-2018-q2-update.win32_1.0.0.201904181610/tools/bin/../lib/gcc/arm-none-eabi/7.3.1/../../../../arm-none-eabi/lib/thumb/v6-m\libc_nano.a(lib_a-memset.o)
 .ARM.attributes
                0x0000000000000569       0x2c d:/st/stm32cubeide_1.0.2/stm32cubeide/plugins/com.st.stm32cube.ide.mcu.externaltools.gnu-tools-for-stm32.7-2018-q2-update.win32_1.0.0.201904181610/tools/bin/../lib/gcc/arm-none-eabi/7.3.1/../../../../arm-none-eabi/lib/thumb/v6-m\libc_nano.a(lib_a-signal.o)
 .ARM.attributes
                0x0000000000000595       0x2c d:/st/stm32cubeide_1.0.2/stm32cubeide/plugins/com.st.stm32cube.ide.mcu.externaltools.gnu-tools-for-stm32.7-2018-q2-update.win32_1.0.0.201904181610/tools/bin/../lib/gcc/arm-none-eabi/7.3.1/../../../../arm-none-eabi/lib/thumb/v6-m\libc_nano.a(lib_a-signalr.o)
 .ARM.attributes
                0x00000000000005c1       0x2c d:/st/stm32cubeide_1.0.2/stm32cubeide/plugins/com.st.stm32cube.ide.mcu.externaltools.gnu-tools-for-stm32.7-2018-q2-update.win32_1.0.0.201904181610/tools/bin/../lib/gcc/arm-none-eabi/7.3.1/../../../../arm-none-eabi/lib/thumb/v6-m\libc_nano.a(lib_a-strchr.o)
 .ARM.attributes
                0x00000000000005ed       0x2c d:/st/stm32cubeide_1.0.2/stm32cubeide/plugins/com.st.stm32cube.ide.mcu.externaltools.gnu-tools-for-stm32.7-2018-q2-update.win32_1.0.0.201904181610/tools/bin/../lib/gcc/arm-none-eabi/7.3.1/../../../../arm-none-eabi/lib/thumb/v6-m\libc_nano.a(lib_a-strcspn.o)
 .ARM.attributes
                0x0000000000000619       0x2c d:/st/stm32cubeide_1.0.2/stm32cubeide/plugins/com.st.stm32cube.ide.mcu.externaltools.gnu-tools-for-stm32.7-2018-q2-update.win32_1.0.0.201904181610/tools/bin/../lib/gcc/arm-none-eabi/7.3.1/../../../../arm-none-eabi/lib/thumb/v6-m\libc_nano.a(lib_a-strncpy.o)
 .ARM.attributes
                0x0000000000000645       0x2c d:/st/stm32cubeide_1.0.2/stm32cubeide/plugins/com.st.stm32cube.ide.mcu.externaltools.gnu-tools-for-stm32.7-2018-q2-update.win32_1.0.0.201904181610/tools/bin/../lib/gcc/arm-none-eabi/7.3.1/../../../../arm-none-eabi/lib/thumb/v6-m\libc_nano.a(lib_a-strstr.o)
 .ARM.attributes
                0x0000000000000671       0x2c d:/st/stm32cubeide_1.0.2/stm32cubeide/plugins/com.st.stm32cube.ide.mcu.externaltools.gnu-tools-for-stm32.7-2018-q2-update.win32_1.0.0.201904181610/tools/bin/../lib/gcc/arm-none-eabi/7.3.1/../../../../arm-none-eabi/lib/thumb/v6-m\libc_nano.a(lib_a-reent.o)
 .ARM.attributes
                0x000000000000069d       0x1e d:/st/stm32cubeide_1.0.2/stm32cubeide/plugins/com.st.stm32cube.ide.mcu.externaltools.gnu-tools-for-stm32.7-2018-q2-update.win32_1.0.0.201904181610/tools/bin/../lib/gcc/arm-none-eabi/7.3.1/thumb/v6-m\libgcc.a(_udivsi3.o)
 .ARM.attributes
                0x00000000000006bb       0x1e d:/st/stm32cubeide_1.0.2/stm32cubeide/plugins/com.st.stm32cube.ide.mcu.externaltools.gnu-tools-for-stm32.7-2018-q2-update.win32_1.0.0.201904181610/tools/bin/../lib/gcc/arm-none-eabi/7.3.1/thumb/v6-m\libgcc.a(_divsi3.o)
 .ARM.attributes
                0x00000000000006d9       0x1e d:/st/stm32cubeide_1.0.2/stm32cubeide/plugins/com.st.stm32cube.ide.mcu.externaltools.gnu-tools-for-stm32.7-2018-q2-update.win32_1.0.0.201904181610/tools/bin/../lib/gcc/arm-none-eabi/7.3.1/thumb/v6-m\libgcc.a(_dvmd_tls.o)
 .ARM.attributes
                0x00000000000006f7       0x2c d:/st/stm32cubeide_1.0.2/stm32cubeide/plugins/com.st.stm32cube.ide.mcu.externaltools.gnu-tools-for-stm32.7-2018-q2-update.win32_1.0.0.201904181610/tools/bin/../lib/gcc/arm-none-eabi/7.3.1/thumb/v6-m\libgcc.a(_fixunssfsi.o)
 .ARM.attributes
                0x0000000000000723       0x2c d:/st/stm32cubeide_1.0.2/stm32cubeide/plugins/com.st.stm32cube.ide.mcu.externaltools.gnu-tools-for-stm32.7-2018-q2-update.win32_1.0.0.201904181610/tools/bin/../lib/gcc/arm-none-eabi/7.3.1/thumb/v6-m\libgcc.a(mulsf3.o)
 .ARM.attributes
                0x000000000000074f       0x2c d:/st/stm32cubeide_1.0.2/stm32cubeide/plugins/com.st.stm32cube.ide.mcu.externaltools.gnu-tools-for-stm32.7-2018-q2-update.win32_1.0.0.201904181610/tools/bin/../lib/gcc/arm-none-eabi/7.3.1/thumb/v6-m\libgcc.a(subsf3.o)
 .ARM.attributes
                0x000000000000077b       0x2c d:/st/stm32cubeide_1.0.2/stm32cubeide/plugins/com.st.stm32cube.ide.mcu.externaltools.gnu-tools-for-stm32.7-2018-q2-update.win32_1.0.0.201904181610/tools/bin/../lib/gcc/arm-none-eabi/7.3.1/thumb/v6-m\libgcc.a(fixsfsi.o)
 .ARM.attributes
                0x00000000000007a7       0x2c d:/st/stm32cubeide_1.0.2/stm32cubeide/plugins/com.st.stm32cube.ide.mcu.externaltools.gnu-tools-for-stm32.7-2018-q2-update.win32_1.0.0.201904181610/tools/bin/../lib/gcc/arm-none-eabi/7.3.1/thumb/v6-m\libgcc.a(floatunsisf.o)
 .ARM.attributes
                0x00000000000007d3       0x1e d:/st/stm32cubeide_1.0.2/stm32cubeide/plugins/com.st.stm32cube.ide.mcu.externaltools.gnu-tools-for-stm32.7-2018-q2-update.win32_1.0.0.201904181610/tools/bin/../lib/gcc/arm-none-eabi/7.3.1/thumb/v6-m\libgcc.a(_arm_cmpsf2.o)
 .ARM.attributes
                0x00000000000007f1       0x1e d:/st/stm32cubeide_1.0.2/stm32cubeide/plugins/com.st.stm32cube.ide.mcu.externaltools.gnu-tools-for-stm32.7-2018-q2-update.win32_1.0.0.201904181610/tools/bin/../lib/gcc/arm-none-eabi/7.3.1/thumb/v6-m\libgcc.a(_clzsi2.o)
 .ARM.attributes
                0x000000000000080f       0x2c d:/st/stm32cubeide_1.0.2/stm32cubeide/plugins/com.st.stm32cube.ide.mcu.externaltools.gnu-tools-for-stm32.7-2018-q2-update.win32_1.0.0.201904181610/tools/bin/../lib/gcc/arm-none-eabi/7.3.1/thumb/v6-m\libgcc.a(eqsf2.o)
 .ARM.attributes
                0x000000000000083b       0x2c d:/st/stm32cubeide_1.0.2/stm32cubeide/plugins/com.st.stm32cube.ide.mcu.externaltools.gnu-tools-for-stm32.7-2018-q2-update.win32_1.0.0.201904181610/tools/bin/../lib/gcc/arm-none-eabi/7.3.1/thumb/v6-m\libgcc.a(gesf2.o)
 .ARM.attributes
                0x0000000000000867       0x2c d:/st/stm32cubeide_1.0.2/stm32cubeide/plugins/com.st.stm32cube.ide.mcu.externaltools.gnu-tools-for-stm32.7-2018-q2-update.win32_1.0.0.201904181610/tools/bin/../lib/gcc/arm-none-eabi/7.3.1/thumb/v6-m\libgcc.a(lesf2.o)
 .ARM.attributes
                0x0000000000000893       0x1e d:/st/stm32cubeide_1.0.2/stm32cubeide/plugins/com.st.stm32cube.ide.mcu.externaltools.gnu-tools-for-stm32.7-2018-q2-update.win32_1.0.0.201904181610/tools/bin/../lib/gcc/arm-none-eabi/7.3.1/thumb/v6-m/crtn.o
OUTPUT(telemetry-dev-board.elf elf32-littlearm)

.debug_info     0x0000000000000000    0x15f36
 .debug_info    0x0000000000000000      0xdf3 Drivers/STM32F0xx_HAL_Driver/Src/stm32f0xx_hal.o
 .debug_info    0x0000000000000df3     0x16d8 Drivers/STM32F0xx_HAL_Driver/Src/stm32f0xx_hal_can.o
 .debug_info    0x00000000000024cb      0xf39 Drivers/STM32F0xx_HAL_Driver/Src/stm32f0xx_hal_cortex.o
 .debug_info    0x0000000000003404      0xe52 Drivers/STM32F0xx_HAL_Driver/Src/stm32f0xx_hal_gpio.o
 .debug_info    0x0000000000004256      0xfa8 Drivers/STM32F0xx_HAL_Driver/Src/stm32f0xx_hal_rcc.o
 .debug_info    0x00000000000051fe      0xe34 Drivers/STM32F0xx_HAL_Driver/Src/stm32f0xx_hal_rcc_ex.o
 .debug_info    0x0000000000006032     0x1b58 Drivers/STM32F0xx_HAL_Driver/Src/stm32f0xx_hal_uart.o
 .debug_info    0x0000000000007b8a      0xfa9 Src/gps-driver/gps-driver.o
 .debug_info    0x0000000000008b33     0x17d2 Src/main.o
 .debug_info    0x000000000000a305     0x11e2 Src/stm32f0xx_hal_msp.o
 .debug_info    0x000000000000b4e7      0xec2 Src/stm32f0xx_it.o
 .debug_info    0x000000000000c3a9      0xebd Src/syscalls.o
 .debug_info    0x000000000000d266      0xa60 Src/system_stm32f0xx.o
 .debug_info    0x000000000000dcc6     0x194b Src/subsystem-can-driver/bms-data-module.o
 .debug_info    0x000000000000f611     0x201d Src/subsystem-can-driver/motor-driver-data-module.o
 .debug_info    0x000000000001162e     0x194b Src/subsystem-can-driver/mppt-data-module.o
 .debug_info    0x0000000000012f79     0x1e9f Src/subsystem-can-driver/subsystem-data-module.o
 .debug_info    0x0000000000014e18     0x10fc Src/subsystem-can-driver/helper-code/rx-module-binary-tree.o
 .debug_info    0x0000000000015f14       0x22 Startup/startup_stm32f072rbtx.o

.debug_abbrev   0x0000000000000000     0x367b
 .debug_abbrev  0x0000000000000000      0x26b Drivers/STM32F0xx_HAL_Driver/Src/stm32f0xx_hal.o
 .debug_abbrev  0x000000000000026b      0x26a Drivers/STM32F0xx_HAL_Driver/Src/stm32f0xx_hal_can.o
 .debug_abbrev  0x00000000000004d5      0x314 Drivers/STM32F0xx_HAL_Driver/Src/stm32f0xx_hal_cortex.o
 .debug_abbrev  0x00000000000007e9      0x251 Drivers/STM32F0xx_HAL_Driver/Src/stm32f0xx_hal_gpio.o
 .debug_abbrev  0x0000000000000a3a      0x286 Drivers/STM32F0xx_HAL_Driver/Src/stm32f0xx_hal_rcc.o
 .debug_abbrev  0x0000000000000cc0      0x25a Drivers/STM32F0xx_HAL_Driver/Src/stm32f0xx_hal_rcc_ex.o
 .debug_abbrev  0x0000000000000f1a      0x276 Drivers/STM32F0xx_HAL_Driver/Src/stm32f0xx_hal_uart.o
 .debug_abbrev  0x0000000000001190      0x359 Src/gps-driver/gps-driver.o
 .debug_abbrev  0x00000000000014e9      0x35b Src/main.o
 .debug_abbrev  0x0000000000001844      0x1f7 Src/stm32f0xx_hal_msp.o
 .debug_abbrev  0x0000000000001a3b      0x1bd Src/stm32f0xx_it.o
 .debug_abbrev  0x0000000000001bf8      0x261 Src/syscalls.o
 .debug_abbrev  0x0000000000001e59      0x1cd Src/system_stm32f0xx.o
 .debug_abbrev  0x0000000000002026      0x49a Src/subsystem-can-driver/bms-data-module.o
 .debug_abbrev  0x00000000000024c0      0x49a Src/subsystem-can-driver/motor-driver-data-module.o
 .debug_abbrev  0x000000000000295a      0x49a Src/subsystem-can-driver/mppt-data-module.o
 .debug_abbrev  0x0000000000002df4      0x551 Src/subsystem-can-driver/subsystem-data-module.o
 .debug_abbrev  0x0000000000003345      0x324 Src/subsystem-can-driver/helper-code/rx-module-binary-tree.o
 .debug_abbrev  0x0000000000003669       0x12 Startup/startup_stm32f072rbtx.o

.debug_aranges  0x0000000000000000      0xa80
 .debug_aranges
                0x0000000000000000       0xb8 Drivers/STM32F0xx_HAL_Driver/Src/stm32f0xx_hal.o
 .debug_aranges
                0x00000000000000b8      0x138 Drivers/STM32F0xx_HAL_Driver/Src/stm32f0xx_hal_can.o
 .debug_aranges
                0x00000000000001f0       0xc0 Drivers/STM32F0xx_HAL_Driver/Src/stm32f0xx_hal_cortex.o
 .debug_aranges
                0x00000000000002b0       0x58 Drivers/STM32F0xx_HAL_Driver/Src/stm32f0xx_hal_gpio.o
 .debug_aranges
                0x0000000000000308       0x80 Drivers/STM32F0xx_HAL_Driver/Src/stm32f0xx_hal_rcc.o
 .debug_aranges
                0x0000000000000388       0x78 Drivers/STM32F0xx_HAL_Driver/Src/stm32f0xx_hal_rcc_ex.o
 .debug_aranges
                0x0000000000000400      0x1d8 Drivers/STM32F0xx_HAL_Driver/Src/stm32f0xx_hal_uart.o
 .debug_aranges
                0x00000000000005d8       0x80 Src/gps-driver/gps-driver.o
 .debug_aranges
                0x0000000000000658       0x58 Src/main.o
 .debug_aranges
                0x00000000000006b0       0x30 Src/stm32f0xx_hal_msp.o
 .debug_aranges
                0x00000000000006e0       0x48 Src/stm32f0xx_it.o
 .debug_aranges
                0x0000000000000728       0xa8 Src/syscalls.o
 .debug_aranges
                0x00000000000007d0       0x28 Src/system_stm32f0xx.o
 .debug_aranges
                0x00000000000007f8       0x40 Src/subsystem-can-driver/bms-data-module.o
 .debug_aranges
                0x0000000000000838       0x90 Src/subsystem-can-driver/motor-driver-data-module.o
 .debug_aranges
                0x00000000000008c8       0x40 Src/subsystem-can-driver/mppt-data-module.o
 .debug_aranges
                0x0000000000000908       0xc8 Src/subsystem-can-driver/subsystem-data-module.o
 .debug_aranges
                0x00000000000009d0       0x88 Src/subsystem-can-driver/helper-code/rx-module-binary-tree.o
 .debug_aranges
                0x0000000000000a58       0x28 Startup/startup_stm32f072rbtx.o

.debug_ranges   0x0000000000000000      0x958
 .debug_ranges  0x0000000000000000       0xa8 Drivers/STM32F0xx_HAL_Driver/Src/stm32f0xx_hal.o
 .debug_ranges  0x00000000000000a8      0x128 Drivers/STM32F0xx_HAL_Driver/Src/stm32f0xx_hal_can.o
 .debug_ranges  0x00000000000001d0       0xb0 Drivers/STM32F0xx_HAL_Driver/Src/stm32f0xx_hal_cortex.o
 .debug_ranges  0x0000000000000280       0x48 Drivers/STM32F0xx_HAL_Driver/Src/stm32f0xx_hal_gpio.o
 .debug_ranges  0x00000000000002c8       0x70 Drivers/STM32F0xx_HAL_Driver/Src/stm32f0xx_hal_rcc.o
 .debug_ranges  0x0000000000000338       0x68 Drivers/STM32F0xx_HAL_Driver/Src/stm32f0xx_hal_rcc_ex.o
 .debug_ranges  0x00000000000003a0      0x1c8 Drivers/STM32F0xx_HAL_Driver/Src/stm32f0xx_hal_uart.o
 .debug_ranges  0x0000000000000568       0x70 Src/gps-driver/gps-driver.o
 .debug_ranges  0x00000000000005d8       0x48 Src/main.o
 .debug_ranges  0x0000000000000620       0x20 Src/stm32f0xx_hal_msp.o
 .debug_ranges  0x0000000000000640       0x38 Src/stm32f0xx_it.o
 .debug_ranges  0x0000000000000678       0x98 Src/syscalls.o
 .debug_ranges  0x0000000000000710       0x18 Src/system_stm32f0xx.o
 .debug_ranges  0x0000000000000728       0x30 Src/subsystem-can-driver/bms-data-module.o
 .debug_ranges  0x0000000000000758       0x80 Src/subsystem-can-driver/motor-driver-data-module.o
 .debug_ranges  0x00000000000007d8       0x30 Src/subsystem-can-driver/mppt-data-module.o
 .debug_ranges  0x0000000000000808       0xb8 Src/subsystem-can-driver/subsystem-data-module.o
 .debug_ranges  0x00000000000008c0       0x78 Src/subsystem-can-driver/helper-code/rx-module-binary-tree.o
 .debug_ranges  0x0000000000000938       0x20 Startup/startup_stm32f072rbtx.o

.debug_macro    0x0000000000000000    0x19bfb
 .debug_macro   0x0000000000000000      0x321 Drivers/STM32F0xx_HAL_Driver/Src/stm32f0xx_hal.o
 .debug_macro   0x0000000000000321      0xa48 Drivers/STM32F0xx_HAL_Driver/Src/stm32f0xx_hal.o
 .debug_macro   0x0000000000000d69       0xb1 Drivers/STM32F0xx_HAL_Driver/Src/stm32f0xx_hal.o
 .debug_macro   0x0000000000000e1a       0x2e Drivers/STM32F0xx_HAL_Driver/Src/stm32f0xx_hal.o
 .debug_macro   0x0000000000000e48       0x22 Drivers/STM32F0xx_HAL_Driver/Src/stm32f0xx_hal.o
 .debug_macro   0x0000000000000e6a       0x22 Drivers/STM32F0xx_HAL_Driver/Src/stm32f0xx_hal.o
 .debug_macro   0x0000000000000e8c       0x8e Drivers/STM32F0xx_HAL_Driver/Src/stm32f0xx_hal.o
 .debug_macro   0x0000000000000f1a       0x51 Drivers/STM32F0xx_HAL_Driver/Src/stm32f0xx_hal.o
 .debug_macro   0x0000000000000f6b       0xef Drivers/STM32F0xx_HAL_Driver/Src/stm32f0xx_hal.o
 .debug_macro   0x000000000000105a       0x6a Drivers/STM32F0xx_HAL_Driver/Src/stm32f0xx_hal.o
 .debug_macro   0x00000000000010c4      0x1df Drivers/STM32F0xx_HAL_Driver/Src/stm32f0xx_hal.o
 .debug_macro   0x00000000000012a3       0x34 Drivers/STM32F0xx_HAL_Driver/Src/stm32f0xx_hal.o
 .debug_macro   0x00000000000012d7       0x26 Drivers/STM32F0xx_HAL_Driver/Src/stm32f0xx_hal.o
 .debug_macro   0x00000000000012fd      0x30d Drivers/STM32F0xx_HAL_Driver/Src/stm32f0xx_hal.o
 .debug_macro   0x000000000000160a     0xfe50 Drivers/STM32F0xx_HAL_Driver/Src/stm32f0xx_hal.o
 .debug_macro   0x000000000001145a       0x3c Drivers/STM32F0xx_HAL_Driver/Src/stm32f0xx_hal.o
 .debug_macro   0x0000000000011496       0x46 Drivers/STM32F0xx_HAL_Driver/Src/stm32f0xx_hal.o
 .debug_macro   0x00000000000114dc       0x18 Drivers/STM32F0xx_HAL_Driver/Src/stm32f0xx_hal.o
 .debug_macro   0x00000000000114f4       0x3c Drivers/STM32F0xx_HAL_Driver/Src/stm32f0xx_hal.o
 .debug_macro   0x0000000000011530       0x34 Drivers/STM32F0xx_HAL_Driver/Src/stm32f0xx_hal.o
 .debug_macro   0x0000000000011564       0x16 Drivers/STM32F0xx_HAL_Driver/Src/stm32f0xx_hal.o
 .debug_macro   0x000000000001157a       0x97 Drivers/STM32F0xx_HAL_Driver/Src/stm32f0xx_hal.o
 .debug_macro   0x0000000000011611      0x330 Drivers/STM32F0xx_HAL_Driver/Src/stm32f0xx_hal.o
 .debug_macro   0x0000000000011941       0xfd Drivers/STM32F0xx_HAL_Driver/Src/stm32f0xx_hal.o
 .debug_macro   0x0000000000011a3e       0x10 Drivers/STM32F0xx_HAL_Driver/Src/stm32f0xx_hal.o
 .debug_macro   0x0000000000011a4e       0x52 Drivers/STM32F0xx_HAL_Driver/Src/stm32f0xx_hal.o
 .debug_macro   0x0000000000011aa0       0x1f Drivers/STM32F0xx_HAL_Driver/Src/stm32f0xx_hal.o
 .debug_macro   0x0000000000011abf       0x43 Drivers/STM32F0xx_HAL_Driver/Src/stm32f0xx_hal.o
 .debug_macro   0x0000000000011b02       0x20 Drivers/STM32F0xx_HAL_Driver/Src/stm32f0xx_hal.o
 .debug_macro   0x0000000000011b22      0x1a3 Drivers/STM32F0xx_HAL_Driver/Src/stm32f0xx_hal.o
 .debug_macro   0x0000000000011cc5       0x10 Drivers/STM32F0xx_HAL_Driver/Src/stm32f0xx_hal.o
 .debug_macro   0x0000000000011cd5       0x1c Drivers/STM32F0xx_HAL_Driver/Src/stm32f0xx_hal.o
 .debug_macro   0x0000000000011cf1       0x52 Drivers/STM32F0xx_HAL_Driver/Src/stm32f0xx_hal.o
 .debug_macro   0x0000000000011d43       0x40 Drivers/STM32F0xx_HAL_Driver/Src/stm32f0xx_hal.o
 .debug_macro   0x0000000000011d83       0x10 Drivers/STM32F0xx_HAL_Driver/Src/stm32f0xx_hal.o
 .debug_macro   0x0000000000011d93       0x40 Drivers/STM32F0xx_HAL_Driver/Src/stm32f0xx_hal.o
 .debug_macro   0x0000000000011dd3       0xd7 Drivers/STM32F0xx_HAL_Driver/Src/stm32f0xx_hal.o
 .debug_macro   0x0000000000011eaa       0x1c Drivers/STM32F0xx_HAL_Driver/Src/stm32f0xx_hal.o
 .debug_macro   0x0000000000011ec6       0x3d Drivers/STM32F0xx_HAL_Driver/Src/stm32f0xx_hal.o
 .debug_macro   0x0000000000011f03       0x16 Drivers/STM32F0xx_HAL_Driver/Src/stm32f0xx_hal.o
 .debug_macro   0x0000000000011f19      0x145 Drivers/STM32F0xx_HAL_Driver/Src/stm32f0xx_hal.o
 .debug_macro   0x000000000001205e       0x50 Drivers/STM32F0xx_HAL_Driver/Src/stm32f0xx_hal.o
 .debug_macro   0x00000000000120ae      0x951 Drivers/STM32F0xx_HAL_Driver/Src/stm32f0xx_hal.o
 .debug_macro   0x00000000000129ff      0x5f3 Drivers/STM32F0xx_HAL_Driver/Src/stm32f0xx_hal.o
 .debug_macro   0x0000000000012ff2      0x13a Drivers/STM32F0xx_HAL_Driver/Src/stm32f0xx_hal.o
 .debug_macro   0x000000000001312c      0x1a7 Drivers/STM32F0xx_HAL_Driver/Src/stm32f0xx_hal.o
 .debug_macro   0x00000000000132d3      0x22c Drivers/STM32F0xx_HAL_Driver/Src/stm32f0xx_hal.o
 .debug_macro   0x00000000000134ff       0x34 Drivers/STM32F0xx_HAL_Driver/Src/stm32f0xx_hal.o
 .debug_macro   0x0000000000013533       0x43 Drivers/STM32F0xx_HAL_Driver/Src/stm32f0xx_hal.o
 .debug_macro   0x0000000000013576       0x28 Drivers/STM32F0xx_HAL_Driver/Src/stm32f0xx_hal.o
 .debug_macro   0x000000000001359e      0x408 Drivers/STM32F0xx_HAL_Driver/Src/stm32f0xx_hal.o
 .debug_macro   0x00000000000139a6       0xb6 Drivers/STM32F0xx_HAL_Driver/Src/stm32f0xx_hal.o
 .debug_macro   0x0000000000013a5c      0x217 Drivers/STM32F0xx_HAL_Driver/Src/stm32f0xx_hal.o
 .debug_macro   0x0000000000013c73      0x202 Drivers/STM32F0xx_HAL_Driver/Src/stm32f0xx_hal.o
 .debug_macro   0x0000000000013e75       0x61 Drivers/STM32F0xx_HAL_Driver/Src/stm32f0xx_hal.o
 .debug_macro   0x0000000000013ed6       0x90 Drivers/STM32F0xx_HAL_Driver/Src/stm32f0xx_hal.o
 .debug_macro   0x0000000000013f66       0x4d Drivers/STM32F0xx_HAL_Driver/Src/stm32f0xx_hal.o
 .debug_macro   0x0000000000013fb3      0x16d Drivers/STM32F0xx_HAL_Driver/Src/stm32f0xx_hal.o
 .debug_macro   0x0000000000014120      0x38a Drivers/STM32F0xx_HAL_Driver/Src/stm32f0xx_hal.o
 .debug_macro   0x00000000000144aa      0x209 Drivers/STM32F0xx_HAL_Driver/Src/stm32f0xx_hal.o
 .debug_macro   0x00000000000146b3      0x129 Drivers/STM32F0xx_HAL_Driver/Src/stm32f0xx_hal.o
 .debug_macro   0x00000000000147dc      0x305 Drivers/STM32F0xx_HAL_Driver/Src/stm32f0xx_hal_can.o
 .debug_macro   0x0000000000014ae1      0x2fd Drivers/STM32F0xx_HAL_Driver/Src/stm32f0xx_hal_cortex.o
 .debug_macro   0x0000000000014dde      0x335 Drivers/STM32F0xx_HAL_Driver/Src/stm32f0xx_hal_gpio.o
 .debug_macro   0x0000000000015113      0x30f Drivers/STM32F0xx_HAL_Driver/Src/stm32f0xx_hal_rcc.o
 .debug_macro   0x0000000000015422      0x30f Drivers/STM32F0xx_HAL_Driver/Src/stm32f0xx_hal_rcc_ex.o
 .debug_macro   0x0000000000015731      0x305 Drivers/STM32F0xx_HAL_Driver/Src/stm32f0xx_hal_uart.o
 .debug_macro   0x0000000000015a36      0x360 Src/gps-driver/gps-driver.o
 .debug_macro   0x0000000000015d96      0xb1a Src/gps-driver/gps-driver.o
 .debug_macro   0x00000000000168b0       0x1c Src/gps-driver/gps-driver.o
 .debug_macro   0x00000000000168cc      0x30d Src/gps-driver/gps-driver.o
 .debug_macro   0x0000000000016bd9       0x34 Src/gps-driver/gps-driver.o
 .debug_macro   0x0000000000016c0d       0x97 Src/gps-driver/gps-driver.o
 .debug_macro   0x0000000000016ca4      0x353 Src/gps-driver/gps-driver.o
 .debug_macro   0x0000000000016ff7      0x104 Src/gps-driver/gps-driver.o
 .debug_macro   0x00000000000170fb       0x43 Src/gps-driver/gps-driver.o
 .debug_macro   0x000000000001713e      0x137 Src/gps-driver/gps-driver.o
 .debug_macro   0x0000000000017275       0x4c Src/gps-driver/gps-driver.o
 .debug_macro   0x00000000000172c1       0x28 Src/gps-driver/gps-driver.o
 .debug_macro   0x00000000000172e9       0x16 Src/gps-driver/gps-driver.o
 .debug_macro   0x00000000000172ff       0x35 Src/gps-driver/gps-driver.o
 .debug_macro   0x0000000000017334       0x20 Src/gps-driver/gps-driver.o
 .debug_macro   0x0000000000017354      0x399 Src/main.o
 .debug_macro   0x00000000000176ed      0x30c Src/stm32f0xx_hal_msp.o
 .debug_macro   0x00000000000179f9      0x31b Src/stm32f0xx_it.o
 .debug_macro   0x0000000000017d14      0x243 Src/syscalls.o
 .debug_macro   0x0000000000017f57       0x40 Src/syscalls.o
 .debug_macro   0x0000000000017f97       0x94 Src/syscalls.o
 .debug_macro   0x000000000001802b       0x57 Src/syscalls.o
 .debug_macro   0x0000000000018082      0x174 Src/syscalls.o
 .debug_macro   0x00000000000181f6       0x10 Src/syscalls.o
 .debug_macro   0x0000000000018206       0x35 Src/syscalls.o
 .debug_macro   0x000000000001823b       0x10 Src/syscalls.o
 .debug_macro   0x000000000001824b       0x10 Src/syscalls.o
 .debug_macro   0x000000000001825b       0x35 Src/syscalls.o
 .debug_macro   0x0000000000018290      0x122 Src/syscalls.o
 .debug_macro   0x00000000000183b2       0x16 Src/syscalls.o
 .debug_macro   0x00000000000183c8       0x16 Src/syscalls.o
 .debug_macro   0x00000000000183de       0x29 Src/syscalls.o
 .debug_macro   0x0000000000018407       0x10 Src/syscalls.o
 .debug_macro   0x0000000000018417      0x241 Src/syscalls.o
 .debug_macro   0x0000000000018658       0x1c Src/syscalls.o
 .debug_macro   0x0000000000018674       0x10 Src/syscalls.o
 .debug_macro   0x0000000000018684      0x189 Src/syscalls.o
 .debug_macro   0x000000000001880d       0x16 Src/syscalls.o
 .debug_macro   0x0000000000018823       0x88 Src/syscalls.o
 .debug_macro   0x00000000000188ab      0x2fd Src/system_stm32f0xx.o
 .debug_macro   0x0000000000018ba8      0x347 Src/subsystem-can-driver/bms-data-module.o
 .debug_macro   0x0000000000018eef      0x347 Src/subsystem-can-driver/motor-driver-data-module.o
 .debug_macro   0x0000000000019236      0x347 Src/subsystem-can-driver/mppt-data-module.o
 .debug_macro   0x000000000001957d      0x33d Src/subsystem-can-driver/subsystem-data-module.o
 .debug_macro   0x00000000000198ba      0x341 Src/subsystem-can-driver/helper-code/rx-module-binary-tree.o

.debug_line     0x0000000000000000     0xbba0
 .debug_line    0x0000000000000000      0x9aa Drivers/STM32F0xx_HAL_Driver/Src/stm32f0xx_hal.o
 .debug_line    0x00000000000009aa      0xccb Drivers/STM32F0xx_HAL_Driver/Src/stm32f0xx_hal_can.o
 .debug_line    0x0000000000001675      0x9fc Drivers/STM32F0xx_HAL_Driver/Src/stm32f0xx_hal_cortex.o
 .debug_line    0x0000000000002071      0x9c5 Drivers/STM32F0xx_HAL_Driver/Src/stm32f0xx_hal_gpio.o
 .debug_line    0x0000000000002a36      0xabd Drivers/STM32F0xx_HAL_Driver/Src/stm32f0xx_hal_rcc.o
 .debug_line    0x00000000000034f3      0xa85 Drivers/STM32F0xx_HAL_Driver/Src/stm32f0xx_hal_rcc_ex.o
 .debug_line    0x0000000000003f78     0x1203 Drivers/STM32F0xx_HAL_Driver/Src/stm32f0xx_hal_uart.o
 .debug_line    0x000000000000517b      0xa1d Src/gps-driver/gps-driver.o
 .debug_line    0x0000000000005b98      0xb37 Src/main.o
 .debug_line    0x00000000000066cf      0x879 Src/stm32f0xx_hal_msp.o
 .debug_line    0x0000000000006f48      0x8a0 Src/stm32f0xx_it.o
 .debug_line    0x00000000000077e8      0x73d Src/syscalls.o
 .debug_line    0x0000000000007f25      0x85f Src/system_stm32f0xx.o
 .debug_line    0x0000000000008784      0x985 Src/subsystem-can-driver/bms-data-module.o
 .debug_line    0x0000000000009109      0xa5a Src/subsystem-can-driver/motor-driver-data-module.o
 .debug_line    0x0000000000009b63      0x988 Src/subsystem-can-driver/mppt-data-module.o
 .debug_line    0x000000000000a4eb      0xb50 Src/subsystem-can-driver/subsystem-data-module.o
 .debug_line    0x000000000000b03b      0xae0 Src/subsystem-can-driver/helper-code/rx-module-binary-tree.o
 .debug_line    0x000000000000bb1b       0x85 Startup/startup_stm32f072rbtx.o

.debug_str      0x0000000000000000    0x7c809
 .debug_str     0x0000000000000000    0x76159 Drivers/STM32F0xx_HAL_Driver/Src/stm32f0xx_hal.o
                                      0x76494 (size before relaxing)
 .debug_str     0x0000000000076159      0x73b Drivers/STM32F0xx_HAL_Driver/Src/stm32f0xx_hal_can.o
                                      0x7675d (size before relaxing)
 .debug_str     0x0000000000076894      0x1db Drivers/STM32F0xx_HAL_Driver/Src/stm32f0xx_hal_cortex.o
                                      0x7637e (size before relaxing)
 .debug_str     0x0000000000076a6f      0x268 Drivers/STM32F0xx_HAL_Driver/Src/stm32f0xx_hal_gpio.o
                                      0x7620e (size before relaxing)
 .debug_str     0x0000000000076cd7      0x30c Drivers/STM32F0xx_HAL_Driver/Src/stm32f0xx_hal_rcc.o
                                      0x76356 (size before relaxing)
 .debug_str     0x0000000000076fe3      0x399 Drivers/STM32F0xx_HAL_Driver/Src/stm32f0xx_hal_rcc_ex.o
                                      0x7635e (size before relaxing)
 .debug_str     0x000000000007737c      0x9ce Drivers/STM32F0xx_HAL_Driver/Src/stm32f0xx_hal_uart.o
                                      0x76a9f (size before relaxing)
 .debug_str     0x0000000000077d4a      0xe33 Src/gps-driver/gps-driver.o
                                      0x76af0 (size before relaxing)
 .debug_str     0x0000000000078b7d      0x6ee Src/main.o
                                      0x77499 (size before relaxing)
 .debug_str     0x000000000007926b       0x1b Src/stm32f0xx_hal_msp.o
                                      0x76725 (size before relaxing)
 .debug_str     0x0000000000079286       0x85 Src/stm32f0xx_it.o
                                      0x76a27 (size before relaxing)
 .debug_str     0x000000000007930b     0x11d4 Src/syscalls.o
                                       0x87d9 (size before relaxing)
 .debug_str     0x000000000007a4df       0x3b Src/system_stm32f0xx.o
                                      0x75f67 (size before relaxing)
 .debug_str     0x000000000007a51a      0xcf7 Src/subsystem-can-driver/bms-data-module.o
                                      0x77810 (size before relaxing)
 .debug_str     0x000000000007b211      0xebc Src/subsystem-can-driver/motor-driver-data-module.o
                                      0x78315 (size before relaxing)
 .debug_str     0x000000000007c0cd      0x512 Src/subsystem-can-driver/mppt-data-module.o
                                      0x77846 (size before relaxing)
 .debug_str     0x000000000007c5df      0x16d Src/subsystem-can-driver/subsystem-data-module.o
                                      0x778bd (size before relaxing)
 .debug_str     0x000000000007c74c       0x8c Src/subsystem-can-driver/helper-code/rx-module-binary-tree.o
                                      0x76a1b (size before relaxing)
 .debug_str     0x000000000007c7d8       0x31 Startup/startup_stm32f072rbtx.o
                                         0x5d (size before relaxing)

.comment        0x0000000000000000       0x7b
 .comment       0x0000000000000000       0x7b Drivers/STM32F0xx_HAL_Driver/Src/stm32f0xx_hal.o
                                         0x7c (size before relaxing)
 .comment       0x000000000000007b       0x7c Drivers/STM32F0xx_HAL_Driver/Src/stm32f0xx_hal_can.o
 .comment       0x000000000000007b       0x7c Drivers/STM32F0xx_HAL_Driver/Src/stm32f0xx_hal_cortex.o
 .comment       0x000000000000007b       0x7c Drivers/STM32F0xx_HAL_Driver/Src/stm32f0xx_hal_gpio.o
 .comment       0x000000000000007b       0x7c Drivers/STM32F0xx_HAL_Driver/Src/stm32f0xx_hal_rcc.o
 .comment       0x000000000000007b       0x7c Drivers/STM32F0xx_HAL_Driver/Src/stm32f0xx_hal_rcc_ex.o
 .comment       0x000000000000007b       0x7c Drivers/STM32F0xx_HAL_Driver/Src/stm32f0xx_hal_uart.o
 .comment       0x000000000000007b       0x7c Src/gps-driver/gps-driver.o
 .comment       0x000000000000007b       0x7c Src/main.o