gps-driver.cpp:30:6:void GPS_init(USART_TypeDef*)	72	static
gps-driver.cpp:43:6:void GPS_startReception()	8	static
gps-driver.cpp:49:6:bool GPS_isDataAvailable()	8	static
gps-driver.cpp:54:12:GPS_Data_t GPS_getLatestData()	24	static
gps-driver.cpp:60:6:void GPS_RxCpltCallback()	56	static
gps-driver.cpp:85:16:uint8_t parseRMCString(const char*, GPS_Data_t*)	32	static
helper-fifo.hpp:45:5:HELPER_FIFO<T, DEPTH, SIZE>::HELPER_FIFO() [with T = gps_data; short unsigned int DEPTH = 5; short unsigned int SIZE = 1]	16	static
helper-fifo.hpp:49:10:bool HELPER_FIFO<T, DEPTH, SIZE>::IsEmpty() [with T = gps_data; short unsigned int DEPTH = 5; short unsigned int SIZE = 1]	16	static
helper-fifo.hpp:82:8:T* HELPER_FIFO<T, DEPTH, SIZE>::PopFront(bool*) [with T = gps_data; short unsigned int DEPTH = 5; short unsigned int SIZE = 1]	24	static
helper-fifo.hpp:58:10:void HELPER_FIFO<T, DEPTH, SIZE>::PushBack(T*, bool*) [with T = gps_data; short unsigned int DEPTH = 5; short unsigned int SIZE = 1]	24	static
helper-fifo.hpp:120:10:void HELPER_FIFO<T, DEPTH, SIZE>::copyArrayData(uint16_t, T*) [with T = gps_data; short unsigned int DEPTH = 5; short unsigned int SIZE = 1]	40	static
gps-driver.cpp:124:1:void __static_initialization_and_destruction_0(int, int)	16	static
gps-driver.cpp:124:1:cpp)	8	static
