rx-module-binary-tree.cpp:18:1:RX_BINARY_TREE::RX_BINARY_TREE()	16	static
rx-module-binary-tree.cpp:22:6:bool RX_BINARY_TREE::AddNode(SUBSYSTEM_DATA_MODULE*)	16	static
rx-module-binary-tree.cpp:33:24:SUBSYSTEM_DATA_MODULE* RX_BINARY_TREE::FindElement(uint32_t)	24	static
rx-module-binary-tree.cpp:46:7:Node* RX_BINARY_TREE::find(Node*, int32_t)	24	static
rx-module-binary-tree.cpp:68:7:Node* RX_BINARY_TREE::newNode(SUBSYSTEM_DATA_MODULE*)	16	static
rx-module-binary-tree.cpp:77:10:uint32_t RX_BINARY_TREE::max(uint32_t, uint32_t)	24	static
rx-module-binary-tree.cpp:82:6:bool RX_BINARY_TREE::isValid(int32_t)	16	static
rx-module-binary-tree.cpp:87:9:uint8_t RX_BINARY_TREE::height(Node*)	16	static
rx-module-binary-tree.cpp:94:9:int32_t RX_BINARY_TREE::node_key(Node*)	16	static
rx-module-binary-tree.cpp:103:9:int32_t RX_BINARY_TREE::element_key(SUBSYSTEM_DATA_MODULE*)	16	static
rx-module-binary-tree.cpp:110:7:Node* RX_BINARY_TREE::rightRotate(Node*)	32	static
rx-module-binary-tree.cpp:129:7:Node* RX_BINARY_TREE::leftRotate(Node*)	32	static
rx-module-binary-tree.cpp:148:5:int RX_BINARY_TREE::getBalance(Node*)	24	static
rx-module-binary-tree.cpp:155:7:Node* RX_BINARY_TREE::insert(Node*, SUBSYSTEM_DATA_MODULE*)	40	static
