mitsuba-driver-data-module.cpp:31:6:static void MITSUBA_DRIVER_TX_RL_MESSAGE::dataPacketToArray(MITSUBA_DRIVER_TX_RL_DATA_PACKET, uint8_t*)	16	static
mitsuba-driver-data-module.cpp:40:34:static MITSUBA_DRIVER_TX_RL_DATA_PACKET MITSUBA_DRIVER_TX_RL_MESSAGE::arrayToDataPacket(uint8_t*)	24	static
mitsuba-driver-data-module.cpp:51:1:MITSUBA_DRIVER_TX_RL_MESSAGE::MITSUBA_DRIVER_TX_RL_MESSAGE(uint32_t)	24	static
mitsuba-driver-data-module.cpp:56:6:static void MITSUBA_DRIVER_RX_FRAME_0::dataPacketToArray(MITSUBA_DRIVER_RX_FRAME_0_DATA_PACKET, uint8_t*)	40	static
mitsuba-driver-data-module.cpp:92:39:static MITSUBA_DRIVER_RX_FRAME_0_DATA_PACKET MITSUBA_DRIVER_RX_FRAME_0::arrayToDataPacket(uint8_t*)	40	static
mitsuba-driver-data-module.cpp:120:1:MITSUBA_DRIVER_RX_FRAME_0::MITSUBA_DRIVER_RX_FRAME_0(uint32_t)	24	static
mitsuba-driver-data-module.cpp:125:6:static void MITSUBA_DRIVER_RX_FRAME_1::dataPacketToArray(MITSUBA_DRIVER_RX_FRAME_1_DATA_PACKET, uint8_t*)	32	static
mitsuba-driver-data-module.cpp:150:39:static MITSUBA_DRIVER_RX_FRAME_1_DATA_PACKET MITSUBA_DRIVER_RX_FRAME_1::arrayToDataPacket(uint8_t*)	32	static
mitsuba-driver-data-module.cpp:177:1:MITSUBA_DRIVER_RX_FRAME_1::MITSUBA_DRIVER_RX_FRAME_1(uint32_t)	24	static
mitsuba-driver-data-module.cpp:182:6:static void MITSUBA_DRIVER_RX_FRAME_2::dataPacketToArray(MITSUBA_DRIVER_RX_FRAME_2_DATA_PACKET, uint8_t*)	24	static
mitsuba-driver-data-module.cpp:215:39:static MITSUBA_DRIVER_RX_FRAME_2_DATA_PACKET MITSUBA_DRIVER_RX_FRAME_2::arrayToDataPacket(uint8_t*)	16	static
mitsuba-driver-data-module.cpp:247:1:MITSUBA_DRIVER_RX_FRAME_2::MITSUBA_DRIVER_RX_FRAME_2(uint32_t)	24	static
subsystem-data-module.hpp:193:2:SUBSYSTEM_DATA_MODULE_TEMPLATE_INTERFACE<CHILD_OBJ, CHILD_DATA>::SUBSYSTEM_DATA_MODULE_TEMPLATE_INTERFACE(uint32_t, uint8_t, bool, bool, bool) [with CHILD_OBJ = MITSUBA_DRIVER_TX_RL_MESSAGE; CHILD_DATA = MITSUBA_DRIVER_TX_RL_DATA_PACKET]	40	static
subsystem-data-module.hpp:193:2:SUBSYSTEM_DATA_MODULE_TEMPLATE_INTERFACE<CHILD_OBJ, CHILD_DATA>::SUBSYSTEM_DATA_MODULE_TEMPLATE_INTERFACE(uint32_t, uint8_t, bool, bool, bool) [with CHILD_OBJ = MITSUBA_DRIVER_RX_FRAME_0; CHILD_DATA = MITSUBA_DRIVER_RX_FRAME_0_DATA_PACKET]	40	static
subsystem-data-module.hpp:193:2:SUBSYSTEM_DATA_MODULE_TEMPLATE_INTERFACE<CHILD_OBJ, CHILD_DATA>::SUBSYSTEM_DATA_MODULE_TEMPLATE_INTERFACE(uint32_t, uint8_t, bool, bool, bool) [with CHILD_OBJ = MITSUBA_DRIVER_RX_FRAME_1; CHILD_DATA = MITSUBA_DRIVER_RX_FRAME_1_DATA_PACKET]	40	static
subsystem-data-module.hpp:193:2:SUBSYSTEM_DATA_MODULE_TEMPLATE_INTERFACE<CHILD_OBJ, CHILD_DATA>::SUBSYSTEM_DATA_MODULE_TEMPLATE_INTERFACE(uint32_t, uint8_t, bool, bool, bool) [with CHILD_OBJ = MITSUBA_DRIVER_RX_FRAME_2; CHILD_DATA = MITSUBA_DRIVER_RX_FRAME_2_DATA_PACKET]	40	static
subsystem-data-module.hpp:197:15:void SUBSYSTEM_DATA_MODULE_TEMPLATE_INTERFACE<CHILD_OBJ, CHILD_DATA>::fillTransmitBuffer() [with CHILD_OBJ = MITSUBA_DRIVER_RX_FRAME_2; CHILD_DATA = MITSUBA_DRIVER_RX_FRAME_2_DATA_PACKET]	40	static
subsystem-data-module.hpp:197:15:void SUBSYSTEM_DATA_MODULE_TEMPLATE_INTERFACE<CHILD_OBJ, CHILD_DATA>::fillTransmitBuffer() [with CHILD_OBJ = MITSUBA_DRIVER_RX_FRAME_1; CHILD_DATA = MITSUBA_DRIVER_RX_FRAME_1_DATA_PACKET]	32	static
subsystem-data-module.hpp:197:15:void SUBSYSTEM_DATA_MODULE_TEMPLATE_INTERFACE<CHILD_OBJ, CHILD_DATA>::fillTransmitBuffer() [with CHILD_OBJ = MITSUBA_DRIVER_RX_FRAME_0; CHILD_DATA = MITSUBA_DRIVER_RX_FRAME_0_DATA_PACKET]	40	static
subsystem-data-module.hpp:197:15:void SUBSYSTEM_DATA_MODULE_TEMPLATE_INTERFACE<CHILD_OBJ, CHILD_DATA>::fillTransmitBuffer() [with CHILD_OBJ = MITSUBA_DRIVER_TX_RL_MESSAGE; CHILD_DATA = MITSUBA_DRIVER_TX_RL_DATA_PACKET]	24	static
