stm32f0xx_hal_can.c:206:19:HAL_CAN_Init	24	static
stm32f0xx_hal_can.c:362:19:HAL_CAN_DeInit	16	static
stm32f0xx_hal_can.c:398:13:HAL_CAN_MspInit	16	static
stm32f0xx_hal_can.c:414:13:HAL_CAN_MspDeInit	16	static
stm32f0xx_hal_can.c:452:19:HAL_CAN_ConfigFilter	32	static
stm32f0xx_hal_can.c:602:19:HAL_CAN_Start	24	static
stm32f0xx_hal_can.c:654:19:HAL_CAN_Stop	24	static
stm32f0xx_hal_can.c:709:19:HAL_CAN_RequestSleep	24	static
stm32f0xx_hal_can.c:740:19:HAL_CAN_WakeUp	32	static
stm32f0xx_hal_can.c:789:10:HAL_CAN_IsSleepActive	24	static
stm32f0xx_hal_can.c:820:19:HAL_CAN_AddTxMessage	40	static
stm32f0xx_hal_can.c:928:19:HAL_CAN_AbortTxRequest	24	static
stm32f0xx_hal_can.c:977:10:HAL_CAN_GetTxMailboxesFreeLevel	24	static
stm32f0xx_hal_can.c:1020:10:HAL_CAN_IsTxMessagePending	24	static
stm32f0xx_hal_can.c:1052:10:HAL_CAN_GetTxTimestamp	32	static
stm32f0xx_hal_can.c:1098:19:HAL_CAN_GetRxMessage	32	static
stm32f0xx_hal_can.c:1188:10:HAL_CAN_GetRxFifoFillLevel	24	static
stm32f0xx_hal_can.c:1241:19:HAL_CAN_ActivateNotification	24	static
stm32f0xx_hal_can.c:1274:19:HAL_CAN_DeactivateNotification	24	static
stm32f0xx_hal_can.c:1305:6:HAL_CAN_IRQHandler	48	static
stm32f0xx_hal_can.c:1651:13:HAL_CAN_TxMailbox0CompleteCallback	16	static
stm32f0xx_hal_can.c:1668:13:HAL_CAN_TxMailbox1CompleteCallback	16	static
stm32f0xx_hal_can.c:1685:13:HAL_CAN_TxMailbox2CompleteCallback	16	static
stm32f0xx_hal_can.c:1702:13:HAL_CAN_TxMailbox0AbortCallback	16	static
stm32f0xx_hal_can.c:1719:13:HAL_CAN_TxMailbox1AbortCallback	16	static
stm32f0xx_hal_can.c:1736:13:HAL_CAN_TxMailbox2AbortCallback	16	static
stm32f0xx_hal_can.c:1753:13:HAL_CAN_RxFifo0MsgPendingCallback	16	static
stm32f0xx_hal_can.c:1770:13:HAL_CAN_RxFifo0FullCallback	16	static
stm32f0xx_hal_can.c:1787:13:HAL_CAN_RxFifo1MsgPendingCallback	16	static
stm32f0xx_hal_can.c:1804:13:HAL_CAN_RxFifo1FullCallback	16	static
stm32f0xx_hal_can.c:1821:13:HAL_CAN_SleepCallback	16	static
stm32f0xx_hal_can.c:1837:13:HAL_CAN_WakeUpFromRxMsgCallback	16	static
stm32f0xx_hal_can.c:1854:13:HAL_CAN_ErrorCallback	16	static
stm32f0xx_hal_can.c:1891:22:HAL_CAN_GetState	24	static
stm32f0xx_hal_can.c:1926:10:HAL_CAN_GetError	16	static
stm32f0xx_hal_can.c:1938:19:HAL_CAN_ResetError	24	static
