cmath:599:3:constexpr bool std::isinf(double)	32	static
cmath:626:3:constexpr bool std::isnan(double)	16	static
main.cpp:116:5:int main()	264	static
main.cpp:257:8:char* dtoa(char*, double)	72	static
main.cpp:330:6:void updateFloatSelector(TFT_TEXT_BOX&, float, int, int, int, int)	80	dynamic
main.cpp:363:6:void updateSpeed(float, int, TFT_TEXT_BOX&, int, int, int)	80	dynamic
main.cpp:410:6:void SystemClock_Config()	112	static
main.cpp:450:13:void MX_SPI2_Init()	16	static
main.cpp:495:13:void MX_TIM6_Init()	16	static
main.cpp:535:13:void MX_GPIO_Init()	56	static
main.cpp:611:6:void Error_Handler()	8	static
cmath:415:5:constexpr typename __gnu_cxx::__promote_2<_Tp, _Up>::__type std::pow(_Tp, _Up) [with _Tp = double; _Up = int]	32	static
