motor-driver-data-module.cpp:31:6:static void MOTOR_DRIVER_TX_RL_MESSAGE::dataPacketToArray(MOTOR_DRIVER_TX_RL_DATA_PACKET, uint8_t*)	16	static
motor-driver-data-module.cpp:40:32:static MOTOR_DRIVER_TX_RL_DATA_PACKET MOTOR_DRIVER_TX_RL_MESSAGE::arrayToDataPacket(uint8_t*)	24	static
motor-driver-data-module.cpp:51:1:MOTOR_DRIVER_TX_RL_MESSAGE::MOTOR_DRIVER_TX_RL_MESSAGE()	24	static
motor-driver-data-module.cpp:56:6:static void MOTOR_DRIVER_RX_FRAME_0::dataPacketToArray(MOTOR_DRIVER_RX_FRAME_0_DATA_PACKET, uint8_t*)	24	static
motor-driver-data-module.cpp:64:37:static MOTOR_DRIVER_RX_FRAME_0_DATA_PACKET MOTOR_DRIVER_RX_FRAME_0::arrayToDataPacket(uint8_t*)	24	static
motor-driver-data-module.cpp:73:1:MOTOR_DRIVER_RX_FRAME_0::MOTOR_DRIVER_RX_FRAME_0()	24	static
motor-driver-data-module.cpp:78:6:static void MOTOR_DRIVER_RX_FRAME_2::dataPacketToArray(MOTOR_DRIVER_RX_FRAME_2_DATA_PACKET, uint8_t*)	24	static
motor-driver-data-module.cpp:91:37:static MOTOR_DRIVER_RX_FRAME_2_DATA_PACKET MOTOR_DRIVER_RX_FRAME_2::arrayToDataPacket(uint8_t*)	24	static
motor-driver-data-module.cpp:103:1:MOTOR_DRIVER_RX_FRAME_2::MOTOR_DRIVER_RX_FRAME_2()	24	static
subsystem-data-module.hpp:193:2:SUBSYSTEM_DATA_MODULE_TEMPLATE_INTERFACE<CHILD_OBJ, CHILD_DATA>::SUBSYSTEM_DATA_MODULE_TEMPLATE_INTERFACE(uint32_t, uint8_t, bool, bool, bool) [with CHILD_OBJ = MOTOR_DRIVER_TX_RL_MESSAGE; CHILD_DATA = MOTOR_DRIVER_TX_RL_DATA_PACKET]	40	static
subsystem-data-module.hpp:193:2:SUBSYSTEM_DATA_MODULE_TEMPLATE_INTERFACE<CHILD_OBJ, CHILD_DATA>::SUBSYSTEM_DATA_MODULE_TEMPLATE_INTERFACE(uint32_t, uint8_t, bool, bool, bool) [with CHILD_OBJ = MOTOR_DRIVER_RX_FRAME_0; CHILD_DATA = MOTOR_DRIVER_RX_FRAME_0_DATA_PACKET]	40	static
subsystem-data-module.hpp:193:2:SUBSYSTEM_DATA_MODULE_TEMPLATE_INTERFACE<CHILD_OBJ, CHILD_DATA>::SUBSYSTEM_DATA_MODULE_TEMPLATE_INTERFACE(uint32_t, uint8_t, bool, bool, bool) [with CHILD_OBJ = MOTOR_DRIVER_RX_FRAME_2; CHILD_DATA = MOTOR_DRIVER_RX_FRAME_2_DATA_PACKET]	40	static
subsystem-data-module.hpp:197:15:void SUBSYSTEM_DATA_MODULE_TEMPLATE_INTERFACE<CHILD_OBJ, CHILD_DATA>::fillTransmitBuffer() [with CHILD_OBJ = MOTOR_DRIVER_RX_FRAME_2; CHILD_DATA = MOTOR_DRIVER_RX_FRAME_2_DATA_PACKET]	24	static
subsystem-data-module.hpp:197:15:void SUBSYSTEM_DATA_MODULE_TEMPLATE_INTERFACE<CHILD_OBJ, CHILD_DATA>::fillTransmitBuffer() [with CHILD_OBJ = MOTOR_DRIVER_RX_FRAME_0; CHILD_DATA = MOTOR_DRIVER_RX_FRAME_0_DATA_PACKET]	16	static
subsystem-data-module.hpp:197:15:void SUBSYSTEM_DATA_MODULE_TEMPLATE_INTERFACE<CHILD_OBJ, CHILD_DATA>::fillTransmitBuffer() [with CHILD_OBJ = MOTOR_DRIVER_TX_RL_MESSAGE; CHILD_DATA = MOTOR_DRIVER_TX_RL_DATA_PACKET]	24	static
